Archive member included to satisfy reference by file (symbol)

.\CortexM3\ARM_GCC_541\Debug\AreaController.a(CyLib.o)
                              .\CortexM3\ARM_GCC_541\Debug\Cm3Start.o (CyHalt)
.\CortexM3\ARM_GCC_541\Debug\AreaController.a(cyPm.o)
                              .\CortexM3\ARM_GCC_541\Debug\AreaController.a(CyLib.o) (CyPmReadStatus)
.\CortexM3\ARM_GCC_541\Debug\AreaController.a(RxISR.o)
                              .\CortexM3\ARM_GCC_541\Debug\main.o (RxISR_StartEx)
.\CortexM3\ARM_GCC_541\Debug\AreaController.a(RGB_OUT.o)
                              .\CortexM3\ARM_GCC_541\Debug\main.o (RGB_OUT_Write)
.\CortexM3\ARM_GCC_541\Debug\AreaController.a(UART.o)
                              .\CortexM3\ARM_GCC_541\Debug\main.o (UART_Start)
.\CortexM3\ARM_GCC_541\Debug\AreaController.a(UART_IntClock.o)
                              .\CortexM3\ARM_GCC_541\Debug\AreaController.a(UART.o) (UART_IntClock_Start)
.\CortexM3\ARM_GCC_541\Debug\AreaController.a(Step_Control.o)
                              .\CortexM3\ARM_GCC_541\Debug\stepctrl.o (Step_Control_Write)
.\CortexM3\ARM_GCC_541\Debug\AreaController.a(ADC.o)
                              .\CortexM3\ARM_GCC_541\Debug\main.o (ADC_Start)
.\CortexM3\ARM_GCC_541\Debug\AreaController.a(ADC_INT.o)
                              .\CortexM3\ARM_GCC_541\Debug\AreaController.a(ADC.o) (ADC_ISR1)
.\CortexM3\ARM_GCC_541\Debug\AreaController.a(A_SENS.o)
                              .\CortexM3\ARM_GCC_541\Debug\main.o (A_SENS_Select)
.\CortexM3\ARM_GCC_541\Debug\AreaController.a(ADC_AMux.o)
                              .\CortexM3\ARM_GCC_541\Debug\AreaController.a(ADC.o) (ADC_AMux_Select)
.\CortexM3\ARM_GCC_541\Debug\AreaController.a(ADC_Ext_CP_Clk.o)
                              .\CortexM3\ARM_GCC_541\Debug\AreaController.a(ADC.o) (ADC_Ext_CP_Clk_SetModeRegister)
.\CortexM3\ARM_GCC_541\Debug\AreaController.a(ADC_theACLK.o)
                              .\CortexM3\ARM_GCC_541\Debug\AreaController.a(ADC.o) (ADC_theACLK_SetModeRegister)
.\CortexM3\ARM_GCC_541\Debug\AreaController.a(TRIG.o)
                              .\CortexM3\ARM_GCC_541\Debug\main.o (TRIG_Write)
.\CortexM3\ARM_GCC_541\Debug\AreaController.a(HCSR04.o)
                              .\CortexM3\ARM_GCC_541\Debug\main.o (HCSR04_Start)
.\CortexM3\ARM_GCC_541\Debug\AreaController.a(ECHO_PIN.o)
                              .\CortexM3\ARM_GCC_541\Debug\main.o (ECHO_PIN_Read)
.\CortexM3\ARM_GCC_541\Debug\AreaController.a(CyBootAsmGnu.o)
                              .\CortexM3\ARM_GCC_541\Debug\cyfitter_cfg.o (CyDelayCycles)
.\CortexM3\ARM_GCC_541\Debug\AreaController.a(CyFlash.o)
                              .\CortexM3\ARM_GCC_541\Debug\AreaController.a(cyPm.o) (CyFlash_SetWaitCycles)
.\CortexM3\ARM_GCC_541\Debug\AreaController.a(CySpc.o)
                              .\CortexM3\ARM_GCC_541\Debug\AreaController.a(CyFlash.o) (CySpcStart)
c:/program files (x86)/cypress/psoc creator/4.2/psoc creator/import/gnu/arm/5.4.1/bin/../lib/gcc/arm-none-eabi/5.4.1/armv7-m\libgcc.a(_arm_addsubdf3.o)
                              .\CortexM3\ARM_GCC_541\Debug\AreaController.a(ADC.o) (__aeabi_f2d)
c:/program files (x86)/cypress/psoc creator/4.2/psoc creator/import/gnu/arm/5.4.1/bin/../lib/gcc/arm-none-eabi/5.4.1/armv7-m\libgcc.a(_arm_cmpdf2.o)
                              .\CortexM3\ARM_GCC_541\Debug\AreaController.a(ADC.o) (__aeabi_dcmpgt)
c:/program files (x86)/cypress/psoc creator/4.2/psoc creator/import/gnu/arm/5.4.1/bin/../lib/gcc/arm-none-eabi/5.4.1/armv7-m\libgcc.a(_arm_addsubsf3.o)
                              .\CortexM3\ARM_GCC_541\Debug\AreaController.a(ADC.o) (__aeabi_ui2f)
c:/program files (x86)/cypress/psoc creator/4.2/psoc creator/import/gnu/arm/5.4.1/bin/../lib/gcc/arm-none-eabi/5.4.1/armv7-m\libgcc.a(_arm_muldivsf3.o)
                              .\CortexM3\ARM_GCC_541\Debug\AreaController.a(ADC.o) (__aeabi_fmul)
c:/program files (x86)/cypress/psoc creator/4.2/psoc creator/import/gnu/arm/5.4.1/bin/../lib/gcc/arm-none-eabi/5.4.1/armv7-m\libgcc.a(_arm_fixunssfsi.o)
                              .\CortexM3\ARM_GCC_541\Debug\AreaController.a(ADC.o) (__aeabi_f2uiz)
c:/program files (x86)/cypress/psoc creator/4.2/psoc creator/import/gnu/arm/5.4.1/bin/../lib/gcc/arm-none-eabi/5.4.1/../../../../arm-none-eabi/lib/armv7-m\libg_nano.a(lib_a-atoi.o)
                              .\CortexM3\ARM_GCC_541\Debug\main.o (atoi)
c:/program files (x86)/cypress/psoc creator/4.2/psoc creator/import/gnu/arm/5.4.1/bin/../lib/gcc/arm-none-eabi/5.4.1/../../../../arm-none-eabi/lib/armv7-m\libg_nano.a(lib_a-errno.o)
                              .\CortexM3\ARM_GCC_541\Debug\Cm3Start.o (__errno)
c:/program files (x86)/cypress/psoc creator/4.2/psoc creator/import/gnu/arm/5.4.1/bin/../lib/gcc/arm-none-eabi/5.4.1/../../../../arm-none-eabi/lib/armv7-m\libg_nano.a(lib_a-exit.o)
[...]
Memory Configuration

Name             Origin             Length             Attributes
rom              0x00000000         0x00040000         xr
ram              0x1fff8000         0x00010000         xrw
*default*        0x00000000         0xffffffff

Linker script and memory map

LOAD c:/program files (x86)/cypress/psoc creator/4.2/psoc creator/import/gnu/arm/5.4.1/bin/../lib/gcc/arm-none-eabi/5.4.1/armv7-m/crti.o
LOAD c:/program files (x86)/cypress/psoc creator/4.2/psoc creator/import/gnu/arm/5.4.1/bin/../lib/gcc/arm-none-eabi/5.4.1/armv7-m/crtbegin.o
LOAD c:/program files (x86)/cypress/psoc creator/4.2/psoc creator/import/gnu/arm/5.4.1/bin/../lib/gcc/arm-none-eabi/5.4.1/../../../../arm-none-eabi/lib/armv7-m/crt0.o
START GROUP
LOAD .\CortexM3\ARM_GCC_541\Debug\main.o
LOAD .\CortexM3\ARM_GCC_541\Debug\stepctrl.o
LOAD .\CortexM3\ARM_GCC_541\Debug\cyfitter_cfg.o
LOAD .\CortexM3\ARM_GCC_541\Debug\cymetadata.o
LOAD .\CortexM3\ARM_GCC_541\Debug\Cm3Start.o
LOAD .\CortexM3\ARM_GCC_541\Debug\AreaController.a
LOAD C:\Program Files (x86)\Cypress\PSoC Creator\4.2\PSoC Creator\psoc\content\cycomponentlibrary\CyComponentLibrary.cylib\CortexM3\ARM_GCC_541\Debug\CyComponentLibrary.a
END GROUP
START GROUP
LOAD c:/program files (x86)/cypress/psoc creator/4.2/psoc creator/import/gnu/arm/5.4.1/bin/../lib/gcc/arm-none-eabi/5.4.1/armv7-m\libgcc.a
LOAD c:/program files (x86)/cypress/psoc creator/4.2/psoc creator/import/gnu/arm/5.4.1/bin/../lib/gcc/arm-none-eabi/5.4.1/../../../../arm-none-eabi/lib/armv7-m\libg_nano.a
LOAD c:/program files (x86)/cypress/psoc creator/4.2/psoc creator/import/gnu/arm/5.4.1/bin/../lib/gcc/arm-none-eabi/5.4.1/../../../../arm-none-eabi/lib/armv7-m\libc_nano.a
END GROUP
START GROUP
LOAD c:/program files (x86)/cypress/psoc creator/4.2/psoc creator/import/gnu/arm/5.4.1/bin/../lib/gcc/arm-none-eabi/5.4.1/armv7-m\libgcc.a
LOAD c:/program files (x86)/cypress/psoc creator/4.2/psoc creator/import/gnu/arm/5.4.1/bin/../lib/gcc/arm-none-eabi/5.4.1/../../../../arm-none-eabi/lib/armv7-m\libc_nano.a
END GROUP
LOAD c:/program files (x86)/cypress/psoc creator/4.2/psoc creator/import/gnu/arm/5.4.1/bin/../lib/gcc/arm-none-eabi/5.4.1/armv7-m/crtend.o
LOAD c:/program files (x86)/cypress/psoc creator/4.2/psoc creator/import/gnu/arm/5.4.1/bin/../lib/gcc/arm-none-eabi/5.4.1/armv7-m/crtn.o
START GROUP
LOAD c:/program files (x86)/cypress/psoc creator/4.2/psoc creator/import/gnu/arm/5.4.1/bin/../lib/gcc/arm-none-eabi/5.4.1/armv7-m\libgcc.a
LOAD c:/program files (x86)/cypress/psoc creator/4.2/psoc creator/import/gnu/arm/5.4.1/bin/../lib/gcc/arm-none-eabi/5.4.1/../../../../arm-none-eabi/lib/armv7-m\libc.a
LOAD c:/program files (x86)/cypress/psoc creator/4.2/psoc creator/import/gnu/arm/5.4.1/bin/../lib/gcc/arm-none-eabi/5.4.1/../../../../arm-none-eabi/lib/armv7-m\libnosys.a
END GROUP
                0x00000000                CY_APPL_ORIGIN = 0x0
                0x00000100                CY_FLASH_ROW_SIZE = 0x100
                0x00000020                CY_ECC_ROW_SIZE = 0x20
                0x00000000                CY_EE_IN_BTLDR = 0x0
                0x00000000                CY_APPL_LOADABLE = 0x0
                0x00000800                CY_EE_SIZE = 0x800
                0x00000001                CY_APPL_NUM = 0x1
                0x00000001                CY_APPL_MAX = 0x1
                0x00000040                CY_METADATA_SIZE = 0x40
                0x00000000                CY_APPL_LOADABLE = 0x0
                0x00000000                CY_CHECKSUM_EXCLUDE_SIZE = ALIGN (0x0, CY_FLASH_ROW_SIZE)
                [!provide]                PROVIDE (__cy_heap_start, _end)
                0x00000001                PROVIDE (__cy_region_num, ((__cy_regions_end - __cy_regions) / 0x10))
                0x20008000                PROVIDE (__cy_stack, (ORIGIN (ram) + LENGTH (ram)))
                [!provide]                PROVIDE (__cy_heap_end, (__cy_stack - 0x800))

.cybootloader   0x00000000        0x0
 *(.cybootloader)
                0x00000000                appl1_start = CY_APPL_ORIGIN?CY_APPL_ORIGIN:ALIGN (CY_FLASH_ROW_SIZE)
                0x0001ff00                appl2_start = (appl1_start + ALIGN ((((LENGTH (rom) - appl1_start) - (0x2 * CY_FLASH_ROW_SIZE)) / 0x2), CY_FLASH_ROW_SIZE))
                0x00000000                appl_start = (CY_APPL_NUM == 0x1)?appl1_start:appl2_start
                0x00000000                ecc_offset = ((appl_start / CY_FLASH_ROW_SIZE) * CY_ECC_ROW_SIZE)
                0x00000000                ee_offset = (CY_APPL_LOADABLE && ! (CY_EE_IN_BTLDR))?((CY_EE_SIZE / CY_APPL_MAX) * (CY_APPL_NUM - 0x1)):0x0
                0x00000800                ee_size = (CY_APPL_LOADABLE && ! (CY_EE_IN_BTLDR))?(CY_EE_SIZE / CY_APPL_MAX):CY_EE_SIZE
                [!provide]                PROVIDE (CY_ECC_OFFSET, ecc_offset)

.text           0x00000000     0x1d0c
 CREATE_OBJECT_SYMBOLS
                0x00000000                PROVIDE (__cy_interrupt_vector, RomVectors)
 *(.romvectors)
 .romvectors    0x00000000       0x10 .\CortexM3\ARM_GCC_541\Debug\Cm3Start.o
                0x00000000                RomVectors
                0x00000001                ASSERT ((. != __cy_interrupt_vector), No interrupt vector)
                0x00000001                ASSERT (CY_APPL_ORIGIN?(SIZEOF (.cybootloader) <= CY_APPL_ORIGIN):0x1, Wrong image location)
                0x00000010                PROVIDE (__cy_reset, Reset)
 *(.text.Reset)
 .text.Reset    0x00000010       0x18 .\CortexM3\ARM_GCC_541\Debug\Cm3Start.o
                0x00000010                Reset
                0x00000001                ASSERT ((. != __cy_reset), No reset code)
 *(.dma_init)
                0x00000001                ASSERT ((((appl_start + .) <= 0x10000) || 0x1), DMA Init must be within the first 64k of flash)
 *(.text .text.* .gnu.linkonce.t.*)
 .text          0x00000028       0x5c c:/program files (x86)/cypress/psoc creator/4.2/psoc creator/import/gnu/arm/5.4.1/bin/../lib/gcc/arm-none-eabi/5.4.1/armv7-m/crtbegin.o
 .text.Rx_ISR_Call
                0x00000084      0x12c .\CortexM3\ARM_GCC_541\Debug\main.o
                0x00000084                Rx_ISR_Call
 .text.Area_Controller_Init
                0x000001b0       0x60 .\CortexM3\ARM_GCC_541\Debug\main.o
                0x000001b0                Area_Controller_Init
 .text.Check_Sens
                0x00000210       0x68 .\CortexM3\ARM_GCC_541\Debug\main.o
                0x00000210                Check_Sens
 .text.main     0x00000278      0x144 .\CortexM3\ARM_GCC_541\Debug\main.o
                0x00000278                main
 .text.STEP_EN  0x000003bc       0x24 .\CortexM3\ARM_GCC_541\Debug\stepctrl.o
                0x000003bc                STEP_EN
 .text.STEP_DIR
                0x000003e0       0x24 .\CortexM3\ARM_GCC_541\Debug\stepctrl.o
                0x000003e0                STEP_DIR
 .text.STEP_RUN
                0x00000404       0x20 .\CortexM3\ARM_GCC_541\Debug\stepctrl.o
                0x00000404                STEP_RUN
 .text.CyClockStartupError
                0x00000424        0x4 .\CortexM3\ARM_GCC_541\Debug\cyfitter_cfg.o
 .text.cfg_write_bytes32
                0x00000428       0x34 .\CortexM3\ARM_GCC_541\Debug\cyfitter_cfg.o
 .text.AnalogSetDefault
                0x0000045c       0x38 .\CortexM3\ARM_GCC_541\Debug\cyfitter_cfg.o
 .text.CYMEMZERO
                0x00000494        0xc .\CortexM3\ARM_GCC_541\Debug\cyfitter_cfg.o
 .text.CYCONFIGCPY
                0x000004a0        0x8 .\CortexM3\ARM_GCC_541\Debug\cyfitter_cfg.o
 .text.ClockSetup
                0x000004a8       0xfc .\CortexM3\ARM_GCC_541\Debug\cyfitter_cfg.o
 .text.A_SENS_Set
                0x000005a4       0x5c .\CortexM3\ARM_GCC_541\Debug\cyfitter_cfg.o
                0x000005a4                A_SENS_Set
 .text.A_SENS_Unset
                0x00000600       0x5c .\CortexM3\ARM_GCC_541\Debug\cyfitter_cfg.o
                0x00000600                A_SENS_Unset
 .text.ADC_AMux_Set
                0x0000065c       0x20 .\CortexM3\ARM_GCC_541\Debug\cyfitter_cfg.o
                0x0000065c                ADC_AMux_Set
 .text.ADC_AMux_Unset
                0x0000067c       0x20 .\CortexM3\ARM_GCC_541\Debug\cyfitter_cfg.o
                0x0000067c                ADC_AMux_Unset
 .text.cyfitter_cfg
                0x0000069c      0x128 .\CortexM3\ARM_GCC_541\Debug\cyfitter_cfg.o
                0x0000069c                cyfitter_cfg
 .text.IntDefaultHandler
                0x000007c4       0x10 .\CortexM3\ARM_GCC_541\Debug\Cm3Start.o
                0x000007c4                IntDefaultHandler
 .text._sbrk    0x000007d4       0x30 .\CortexM3\ARM_GCC_541\Debug\Cm3Start.o
                0x000007d4                _sbrk
 .text.Start_c  0x00000804       0x4c .\CortexM3\ARM_GCC_541\Debug\Cm3Start.o
                0x00000804                Start_c
 .text.initialize_psoc
                0x00000850       0x68 .\CortexM3\ARM_GCC_541\Debug\Cm3Start.o
                0x00000850                initialize_psoc
 .text.CyHalt   0x000008b8        0x4 .\CortexM3\ARM_GCC_541\Debug\AreaController.a(CyLib.o)
                0x000008b8                CyHalt
 .text.CyDelay  0x000008bc       0x2c .\CortexM3\ARM_GCC_541\Debug\AreaController.a(CyLib.o)
                0x000008bc                CyDelay
 .text.CyDelayUs
                0x000008e8       0x14 .\CortexM3\ARM_GCC_541\Debug\AreaController.a(CyLib.o)
                0x000008e8                CyDelayUs
 .text.CyIntSetVector
                0x000008fc       0x28 .\CortexM3\ARM_GCC_541\Debug\AreaController.a(CyLib.o)
                0x000008fc                CyIntSetVector
 .text.CyIntSetPriority
                0x00000924       0x30 .\CortexM3\ARM_GCC_541\Debug\AreaController.a(CyLib.o)
                0x00000924                CyIntSetPriority
 .text.RxISR_SetVector
                0x00000954        0xc .\CortexM3\ARM_GCC_541\Debug\AreaController.a(RxISR.o)
                0x00000954                RxISR_SetVector
 .text.RxISR_SetPriority
                0x00000960       0x10 .\CortexM3\ARM_GCC_541\Debug\AreaController.a(RxISR.o)
                0x00000960                RxISR_SetPriority
 .text.RxISR_Enable
                0x00000970        0xc .\CortexM3\ARM_GCC_541\Debug\AreaController.a(RxISR.o)
                0x00000970                RxISR_Enable
 .text.RxISR_Disable
                0x0000097c        0xc .\CortexM3\ARM_GCC_541\Debug\AreaController.a(RxISR.o)
                0x0000097c                RxISR_Disable
 .text.RxISR_StartEx
                0x00000988       0x1c .\CortexM3\ARM_GCC_541\Debug\AreaController.a(RxISR.o)
                0x00000988                RxISR_StartEx
 .text.RGB_OUT_Write
                0x000009a4       0x18 .\CortexM3\ARM_GCC_541\Debug\AreaController.a(RGB_OUT.o)
                0x000009a4                RGB_OUT_Write
 .text.UART_Init
                0x000009bc       0x28 .\CortexM3\ARM_GCC_541\Debug\AreaController.a(UART.o)
                0x000009bc                UART_Init
 .text.UART_Enable
                0x000009e4       0x38 .\CortexM3\ARM_GCC_541\Debug\AreaController.a(UART.o)
                0x000009e4                UART_Enable
 .text.UART_Start
                0x00000a1c       0x1c .\CortexM3\ARM_GCC_541\Debug\AreaController.a(UART.o)
                0x00000a1c                UART_Start
 .text.UART_GetChar
                0x00000a38       0x2c .\CortexM3\ARM_GCC_541\Debug\AreaController.a(UART.o)
                0x00000a38                UART_GetChar
 .text.UART_PutChar
                0x00000a64       0x18 .\CortexM3\ARM_GCC_541\Debug\AreaController.a(UART.o)
                0x00000a64                UART_PutChar
 .text.UART_PutString
                0x00000a7c       0x24 .\CortexM3\ARM_GCC_541\Debug\AreaController.a(UART.o)
                0x00000a7c                UART_PutString
 .text.UART_PutCRLF
                0x00000aa0       0x20 .\CortexM3\ARM_GCC_541\Debug\AreaController.a(UART.o)
                0x00000aa0                UART_PutCRLF
 .text.UART_IntClock_Start
                0x00000ac0       0x1c .\CortexM3\ARM_GCC_541\Debug\AreaController.a(UART_IntClock.o)
                0x00000ac0                UART_IntClock_Start
 .text.Step_Control_Write
                0x00000adc        0xc .\CortexM3\ARM_GCC_541\Debug\AreaController.a(Step_Control.o)
                0x00000adc                Step_Control_Write
 .text.Step_Control_Read
                0x00000ae8        0xc .\CortexM3\ARM_GCC_541\Debug\AreaController.a(Step_Control.o)
                0x00000ae8                Step_Control_Read
 .text.ADC_GainCompensation
                0x00000af4       0xdc .\CortexM3\ARM_GCC_541\Debug\AreaController.a(ADC.o)
 .text.ADC_SetDSMRef0Reg
                0x00000bd0       0x4c .\CortexM3\ARM_GCC_541\Debug\AreaController.a(ADC.o)
 .text.ADC_InitConfig
                0x00000c1c       0xe4 .\CortexM3\ARM_GCC_541\Debug\AreaController.a(ADC.o)
 .text.ADC_Init
                0x00000d00       0xc4 .\CortexM3\ARM_GCC_541\Debug\AreaController.a(ADC.o)
                0x00000d00                ADC_Init
 .text.ADC_Enable
                0x00000dc4       0xd8 .\CortexM3\ARM_GCC_541\Debug\AreaController.a(ADC.o)
                0x00000dc4                ADC_Enable
 .text.ADC_Start
                0x00000e9c       0x28 .\CortexM3\ARM_GCC_541\Debug\AreaController.a(ADC.o)
                0x00000e9c                ADC_Start
 .text.ADC_StartConvert
                0x00000ec4       0x10 .\CortexM3\ARM_GCC_541\Debug\AreaController.a(ADC.o)
                0x00000ec4                ADC_StartConvert
 .text.ADC_StopConvert
                0x00000ed4       0x10 .\CortexM3\ARM_GCC_541\Debug\AreaController.a(ADC.o)
                0x00000ed4                ADC_StopConvert
 .text.ADC_GetResult16
                0x00000ee4       0x50 .\CortexM3\ARM_GCC_541\Debug\AreaController.a(ADC.o)
                0x00000ee4                ADC_GetResult16
 .text.ADC_ISR1
                0x00000f34        0x4 .\CortexM3\ARM_GCC_541\Debug\AreaController.a(ADC_INT.o)
                0x00000f34                ADC_ISR1
 .text.A_SENS_Start
                0x00000f38       0x20 .\CortexM3\ARM_GCC_541\Debug\AreaController.a(A_SENS.o)
                0x00000f38                A_SENS_Start
 .text.A_SENS_Select
                0x00000f58       0x18 .\CortexM3\ARM_GCC_541\Debug\AreaController.a(A_SENS.o)
                0x00000f58                A_SENS_Select
 .text.ADC_AMux_Start
                0x00000f70       0x20 .\CortexM3\ARM_GCC_541\Debug\AreaController.a(ADC_AMux.o)
                0x00000f70                ADC_AMux_Start
 .text.ADC_AMux_Select
                0x00000f90       0x18 .\CortexM3\ARM_GCC_541\Debug\AreaController.a(ADC_AMux.o)
                0x00000f90                ADC_AMux_Select
 .text.ADC_Ext_CP_Clk_GetDividerRegister
                0x00000fa8        0xc .\CortexM3\ARM_GCC_541\Debug\AreaController.a(ADC_Ext_CP_Clk.o)
                0x00000fa8                ADC_Ext_CP_Clk_GetDividerRegister
 .text.ADC_Ext_CP_Clk_SetModeRegister
                0x00000fb4       0x14 .\CortexM3\ARM_GCC_541\Debug\AreaController.a(ADC_Ext_CP_Clk.o)
                0x00000fb4                ADC_Ext_CP_Clk_SetModeRegister
 .text.ADC_Ext_CP_Clk_GetSourceRegister
                0x00000fc8       0x10 .\CortexM3\ARM_GCC_541\Debug\AreaController.a(ADC_Ext_CP_Clk.o)
                0x00000fc8                ADC_Ext_CP_Clk_GetSourceRegister
 .text.ADC_Ext_CP_Clk_SetDividerRegister
                0x00000fd8       0xd8 .\CortexM3\ARM_GCC_541\Debug\AreaController.a(ADC_Ext_CP_Clk.o)
                0x00000fd8                ADC_Ext_CP_Clk_SetDividerRegister
 .text.ADC_theACLK_GetDividerRegister
                0x000010b0        0xc .\CortexM3\ARM_GCC_541\Debug\AreaController.a(ADC_theACLK.o)
                0x000010b0                ADC_theACLK_GetDividerRegister
 .text.ADC_theACLK_SetModeRegister
                0x000010bc       0x14 .\CortexM3\ARM_GCC_541\Debug\AreaController.a(ADC_theACLK.o)
                0x000010bc                ADC_theACLK_SetModeRegister
 .text.ADC_theACLK_GetSourceRegister
                0x000010d0       0x10 .\CortexM3\ARM_GCC_541\Debug\AreaController.a(ADC_theACLK.o)
                0x000010d0                ADC_theACLK_GetSourceRegister
 .text.ADC_theACLK_SetDividerRegister
                0x000010e0       0xd8 .\CortexM3\ARM_GCC_541\Debug\AreaController.a(ADC_theACLK.o)
                0x000010e0                ADC_theACLK_SetDividerRegister
 .text.TRIG_Write
                0x000011b8        0xc .\CortexM3\ARM_GCC_541\Debug\AreaController.a(TRIG.o)
                0x000011b8                TRIG_Write
 .text.HCSR04_Enable
                0x000011c4       0x28 .\CortexM3\ARM_GCC_541\Debug\AreaController.a(HCSR04.o)
                0x000011c4                HCSR04_Enable
 .text.HCSR04_SetInterruptMode
                0x000011ec        0xc .\CortexM3\ARM_GCC_541\Debug\AreaController.a(HCSR04.o)
                0x000011ec                HCSR04_SetInterruptMode
 .text.HCSR04_WritePeriod
                0x000011f8        0xc .\CortexM3\ARM_GCC_541\Debug\AreaController.a(HCSR04.o)
                0x000011f8                HCSR04_WritePeriod
 .text.HCSR04_WriteCounter
                0x00001204        0xc .\CortexM3\ARM_GCC_541\Debug\AreaController.a(HCSR04.o)
                0x00001204                HCSR04_WriteCounter
 .text.HCSR04_Init
                0x00001210       0x8c .\CortexM3\ARM_GCC_541\Debug\AreaController.a(HCSR04.o)
                0x00001210                HCSR04_Init
 .text.HCSR04_Start
                0x0000129c       0x1c .\CortexM3\ARM_GCC_541\Debug\AreaController.a(HCSR04.o)
                0x0000129c                HCSR04_Start
 .text.HCSR04_ReadCounter
                0x000012b8       0x14 .\CortexM3\ARM_GCC_541\Debug\AreaController.a(HCSR04.o)
                0x000012b8                HCSR04_ReadCounter
 .text.ECHO_PIN_Read
                0x000012cc       0x10 .\CortexM3\ARM_GCC_541\Debug\AreaController.a(ECHO_PIN.o)
                0x000012cc                ECHO_PIN_Read
 *fill*         0x000012dc        0x4 
 .text          0x000012e0       0x20 .\CortexM3\ARM_GCC_541\Debug\AreaController.a(CyBootAsmGnu.o)
                0x000012e0                CyDelayCycles
                0x000012f0                CyEnterCriticalSection
                0x000012f8                CyExitCriticalSection
 .text.atoi     0x00001300        0x8 c:/program files (x86)/cypress/psoc creator/4.2/psoc creator/import/gnu/arm/5.4.1/bin/../lib/gcc/arm-none-eabi/5.4.1/../../../../arm-none-eabi/lib/armv7-m\libg_nano.a(lib_a-atoi.o)
                0x00001300                atoi
 .text.__errno  0x00001308        0xc c:/program files (x86)/cypress/psoc creator/4.2/psoc creator/import/gnu/arm/5.4.1/bin/../lib/gcc/arm-none-eabi/5.4.1/../../../../arm-none-eabi/lib/armv7-m\libg_nano.a(lib_a-errno.o)
                0x00001308                __errno
 .text.__libc_init_array
                0x00001314       0x4c c:/program files (x86)/cypress/psoc creator/4.2/psoc creator/import/gnu/arm/5.4.1/bin/../lib/gcc/arm-none-eabi/5.4.1/../../../../arm-none-eabi/lib/armv7-m\libg_nano.a(lib_a-init.o)
                0x00001314                __libc_init_array
 .text.memcpy   0x00001360       0x16 c:/program files (x86)/cypress/psoc creator/4.2/psoc creator/import/gnu/arm/5.4.1/bin/../lib/gcc/arm-none-eabi/5.4.1/../../../../arm-none-eabi/lib/armv7-m\libg_nano.a(lib_a-memcpy-stub.o)
                0x00001360                memcpy
 .text.memset   0x00001376       0x10 c:/program files (x86)/cypress/psoc creator/4.2/psoc creator/import/gnu/arm/5.4.1/bin/../lib/gcc/arm-none-eabi/5.4.1/../../../../arm-none-eabi/lib/armv7-m\libg_nano.a(lib_a-memset.o)
                0x00001376                memset
 *fill*         0x00001386        0x2 
 .text.snprintf
                0x00001388       0x64 c:/program files (x86)/cypress/psoc creator/4.2/psoc creator/import/gnu/arm/5.4.1/bin/../lib/gcc/arm-none-eabi/5.4.1/../../../../arm-none-eabi/lib/armv7-m\libg_nano.a(lib_a-snprintf.o)
                0x00001388                sniprintf
                0x00001388                snprintf
 .text._strtol_r
                0x000013ec      0x10c c:/program files (x86)/cypress/psoc creator/4.2/psoc creator/import/gnu/arm/5.4.1/bin/../lib/gcc/arm-none-eabi/5.4.1/../../../../arm-none-eabi/lib/armv7-m\libg_nano.a(lib_a-strtol.o)
                0x000013ec                _strtol_r
 .text.strtol   0x000014f8       0x14 c:/program files (x86)/cypress/psoc creator/4.2/psoc creator/import/gnu/arm/5.4.1/bin/../lib/gcc/arm-none-eabi/5.4.1/../../../../arm-none-eabi/lib/armv7-m\libg_nano.a(lib_a-strtol.o)
                0x000014f8                strtol
 .text.__ssputs_r
                0x0000150c       0xb2 c:/program files (x86)/cypress/psoc creator/4.2/psoc creator/import/gnu/arm/5.4.1/bin/../lib/gcc/arm-none-eabi/5.4.1/../../../../arm-none-eabi/lib/armv7-m\libg_nano.a(lib_a-nano-svfprintf.o)
                0x0000150c                __ssputs_r
 *fill*         0x000015be        0x2 
 .text._svfprintf_r
                0x000015c0      0x1e8 c:/program files (x86)/cypress/psoc creator/4.2/psoc creator/import/gnu/arm/5.4.1/bin/../lib/gcc/arm-none-eabi/5.4.1/../../../../arm-none-eabi/lib/armv7-m\libg_nano.a(lib_a-nano-svfprintf.o)
                0x000015c0                _svfiprintf_r
                0x000015c0                _svfprintf_r
 .text._printf_common
                0x000017a8       0xec c:/program files (x86)/cypress/psoc creator/4.2/psoc creator/import/gnu/arm/5.4.1/bin/../lib/gcc/arm-none-eabi/5.4.1/../../../../arm-none-eabi/lib/armv7-m\libg_nano.a(lib_a-nano-vfprintf_i.o)
                0x000017a8                _printf_common
 .text._printf_i
                0x00001894      0x24c c:/program files (x86)/cypress/psoc creator/4.2/psoc creator/import/gnu/arm/5.4.1/bin/../lib/gcc/arm-none-eabi/5.4.1/../../../../arm-none-eabi/lib/armv7-m\libg_nano.a(lib_a-nano-vfprintf_i.o)
                0x00001894                _printf_i
 .text.memchr   0x00001ae0       0x1c c:/program files (x86)/cypress/psoc creator/4.2/psoc creator/import/gnu/arm/5.4.1/bin/../lib/gcc/arm-none-eabi/5.4.1/../../../../arm-none-eabi/lib/armv7-m\libg_nano.a(lib_a-memchr-stub.o)
                0x00001ae0                memchr
 .text.memmove  0x00001afc       0x36 c:/program files (x86)/cypress/psoc creator/4.2/psoc creator/import/gnu/arm/5.4.1/bin/../lib/gcc/arm-none-eabi/5.4.1/../../../../arm-none-eabi/lib/armv7-m\libg_nano.a(lib_a-memmove.o)
                0x00001afc                memmove
 *fill*         0x00001b32        0x2 
 .text._free_r  0x00001b34       0x98 c:/program files (x86)/cypress/psoc creator/4.2/psoc creator/import/gnu/arm/5.4.1/bin/../lib/gcc/arm-none-eabi/5.4.1/../../../../arm-none-eabi/lib/armv7-m\libg_nano.a(lib_a-nano-freer.o)
                0x00001b34                _free_r
 .text._malloc_r
                0x00001bcc       0xbc c:/program files (x86)/cypress/psoc creator/4.2/psoc creator/import/gnu/arm/5.4.1/bin/../lib/gcc/arm-none-eabi/5.4.1/../../../../arm-none-eabi/lib/armv7-m\libg_nano.a(lib_a-nano-mallocr.o)
                0x00001bcc                _malloc_r
 .text._realloc_r
                0x00001c88       0x4c c:/program files (x86)/cypress/psoc creator/4.2/psoc creator/import/gnu/arm/5.4.1/bin/../lib/gcc/arm-none-eabi/5.4.1/../../../../arm-none-eabi/lib/armv7-m\libg_nano.a(lib_a-nano-reallocr.o)
                0x00001c88                _realloc_r
 .text._sbrk_r  0x00001cd4       0x20 c:/program files (x86)/cypress/psoc creator/4.2/psoc creator/import/gnu/arm/5.4.1/bin/../lib/gcc/arm-none-eabi/5.4.1/../../../../arm-none-eabi/lib/armv7-m\libg_nano.a(lib_a-sbrkr.o)
                0x00001cd4                _sbrk_r
 .text.__malloc_lock
                0x00001cf4        0x2 c:/program files (x86)/cypress/psoc creator/4.2/psoc creator/import/gnu/arm/5.4.1/bin/../lib/gcc/arm-none-eabi/5.4.1/../../../../arm-none-eabi/lib/armv7-m\libg_nano.a(lib_a-mlock.o)
                0x00001cf4                __malloc_lock
 .text.__malloc_unlock
                0x00001cf6        0x2 c:/program files (x86)/cypress/psoc creator/4.2/psoc creator/import/gnu/arm/5.4.1/bin/../lib/gcc/arm-none-eabi/5.4.1/../../../../arm-none-eabi/lib/armv7-m\libg_nano.a(lib_a-mlock.o)
                0x00001cf6                __malloc_unlock
 .text._malloc_usable_size_r
                0x00001cf8       0x14 c:/program files (x86)/cypress/psoc creator/4.2/psoc creator/import/gnu/arm/5.4.1/bin/../lib/gcc/arm-none-eabi/5.4.1/../../../../arm-none-eabi/lib/armv7-m\libg_nano.a(lib_a-nano-msizer.o)
                0x00001cf8                _malloc_usable_size_r
 *(.plt)
 *(.gnu.warning)
 *(.glue_7t)
 .glue_7t       0x00001d0c        0x0 linker stubs
 *(.glue_7)
 .glue_7        0x00001d0c        0x0 linker stubs
 *(.vfp11_veneer)
 .vfp11_veneer  0x00001d0c        0x0 linker stubs
 *(.bootloader)
 *(.ARM.extab* .gnu.linkonce.armextab.*)
 *(.gcc_except_table)

.v4_bx          0x00001d0c        0x0
 .v4_bx         0x00001d0c        0x0 linker stubs

.iplt           0x00001d0c        0x0
 .iplt          0x00001d0c        0x0 c:/program files (x86)/cypress/psoc creator/4.2/psoc creator/import/gnu/arm/5.4.1/bin/../lib/gcc/arm-none-eabi/5.4.1/armv7-m/crtbegin.o

.eh_frame_hdr
 *(.eh_frame_hdr)

.eh_frame       0x00001d0c        0x4
 *(.eh_frame)
 .eh_frame      0x00001d0c        0x0 c:/program files (x86)/cypress/psoc creator/4.2/psoc creator/import/gnu/arm/5.4.1/bin/../lib/gcc/arm-none-eabi/5.4.1/armv7-m/crtbegin.o
 .eh_frame      0x00001d0c        0x4 c:/program files (x86)/cypress/psoc creator/4.2/psoc creator/import/gnu/arm/5.4.1/bin/../lib/gcc/arm-none-eabi/5.4.1/armv7-m/crtend.o
                [!provide]                PROVIDE (__exidx_start, .)

.ARM.exidx
 *(.ARM.exidx* .gnu.linkonce.armexidx.*)
                0x00001d10                __exidx_end = .

.rodata         0x00001d10      0x280
 *(.rodata .rodata.* .gnu.linkonce.r.*)
 .rodata.str1.4
                0x00001d10       0xa0 .\CortexM3\ARM_GCC_541\Debug\main.o
                                 0x9f (size before relaxing)
 .rodata        0x00001db0       0x72 .\CortexM3\ARM_GCC_541\Debug\cyfitter_cfg.o
                0x00001dd0                ADC_AMux__addrTable
                0x00001dd8                ADC_AMux__maskTable
 .rodata.str1.1
                0x00001e22        0x2 c:/program files (x86)/cypress/psoc creator/4.2/psoc creator/import/gnu/arm/5.4.1/bin/../lib/gcc/arm-none-eabi/5.4.1/../../../../arm-none-eabi/lib/armv7-m\libg_nano.a(lib_a-impure.o)
 .rodata._ctype_
                0x00001e24      0x101 c:/program files (x86)/cypress/psoc creator/4.2/psoc creator/import/gnu/arm/5.4.1/bin/../lib/gcc/arm-none-eabi/5.4.1/../../../../arm-none-eabi/lib/armv7-m\libg_nano.a(lib_a-ctype_.o)
                0x00001e24                _ctype_
 .rodata.str1.1
                0x00001f25       0x11 c:/program files (x86)/cypress/psoc creator/4.2/psoc creator/import/gnu/arm/5.4.1/bin/../lib/gcc/arm-none-eabi/5.4.1/../../../../arm-none-eabi/lib/armv7-m\libg_nano.a(lib_a-nano-svfprintf.o)
 .rodata.str1.1
                0x00001f36       0x22 c:/program files (x86)/cypress/psoc creator/4.2/psoc creator/import/gnu/arm/5.4.1/bin/../lib/gcc/arm-none-eabi/5.4.1/../../../../arm-none-eabi/lib/armv7-m\libg_nano.a(lib_a-nano-vfprintf_i.o)
                0x00001f58                . = ALIGN (0x4)
 *(.init)
 .init          0x00001f58        0x4 c:/program files (x86)/cypress/psoc creator/4.2/psoc creator/import/gnu/arm/5.4.1/bin/../lib/gcc/arm-none-eabi/5.4.1/armv7-m/crti.o
                0x00001f58                _init
 .init          0x00001f5c        0x8 c:/program files (x86)/cypress/psoc creator/4.2/psoc creator/import/gnu/arm/5.4.1/bin/../lib/gcc/arm-none-eabi/5.4.1/armv7-m/crtn.o
                0x00001f64                . = ALIGN (0x4)
                0x00001f64                __preinit_array_start = .
 *(.preinit_array)
                0x00001f64                __preinit_array_end = .
                0x00001f64                . = ALIGN (0x4)
                0x00001f64                __init_array_start = .
 *(SORT(.init_array.*))
 *(.init_array)
 .init_array    0x00001f64        0x4 c:/program files (x86)/cypress/psoc creator/4.2/psoc creator/import/gnu/arm/5.4.1/bin/../lib/gcc/arm-none-eabi/5.4.1/armv7-m/crtbegin.o
 .init_array    0x00001f68        0x4 .\CortexM3\ARM_GCC_541\Debug\Cm3Start.o
                0x00001f6c                __init_array_end = .
                0x00001f6c                . = ALIGN (0x4)
 *(.fini)
 .fini          0x00001f6c        0x4 c:/program files (x86)/cypress/psoc creator/4.2/psoc creator/import/gnu/arm/5.4.1/bin/../lib/gcc/arm-none-eabi/5.4.1/armv7-m/crti.o
                0x00001f6c                _fini
 .fini          0x00001f70        0x8 c:/program files (x86)/cypress/psoc creator/4.2/psoc creator/import/gnu/arm/5.4.1/bin/../lib/gcc/arm-none-eabi/5.4.1/armv7-m/crtn.o
                0x00001f78                . = ALIGN (0x4)
                0x00001f78                __fini_array_start = .
 *(.fini_array)
 .fini_array    0x00001f78        0x4 c:/program files (x86)/cypress/psoc creator/4.2/psoc creator/import/gnu/arm/5.4.1/bin/../lib/gcc/arm-none-eabi/5.4.1/armv7-m/crtbegin.o
 *(SORT(.fini_array.*))
                0x00001f7c                __fini_array_end = .
                0x00001f7c                . = ALIGN (0x4)
 *crtbegin.o(.ctors)
 *(EXCLUDE_FILE(*crtend.o) .ctors)
 *(SORT(.ctors.*))
 *crtend.o(.ctors)
                0x00001f7c                . = ALIGN (0x4)
 *crtbegin.o(.dtors)
 *(EXCLUDE_FILE(*crtend.o) .dtors)
 *(SORT(.dtors.*))
 *crtend.o(.dtors)
                0x00001f7c                . = ALIGN (0x4)
                0x00001f7c                __cy_regions = .
                0x00001f7c        0x4 LONG 0x1f90 __cy_region_init_ram
                0x00001f80        0x4 LONG 0x1fff80c8 __cy_region_start_data
                0x00001f84        0x4 LONG 0x88 __cy_region_init_size_ram
                0x00001f88        0x4 LONG 0x88 __cy_region_zero_size_ram
                0x00001f8c                __cy_regions_end = .
                0x00001f90                . = ALIGN (0x8)
 *fill*         0x00001f8c        0x4 
                0x00001f90                _etext = .

.cy_checksum_exclude
                0x00001f90        0x0
 *(.cy_checksum_exclude)

.ramvectors     0x1fff8000       0xc0
                0x1fff8000                __cy_region_start_ram = .
 *(.ramvectors)
 .ramvectors    0x1fff8000       0xc0 .\CortexM3\ARM_GCC_541\Debug\Cm3Start.o
                0x1fff8000                CyRamVectors

.noinit         0x1fff80c0        0x1
 *(.noinit)
 .noinit        0x1fff80c0        0x1 .\CortexM3\ARM_GCC_541\Debug\AreaController.a(CyLib.o)
                0x1fff80c0                CyResetStatus

.data           0x1fff80c8       0x88 load address 0x00001f90
                0x1fff80c8                __cy_region_start_data = .
 *(.jcr)
 .jcr           0x1fff80c8        0x0 c:/program files (x86)/cypress/psoc creator/4.2/psoc creator/import/gnu/arm/5.4.1/bin/../lib/gcc/arm-none-eabi/5.4.1/armv7-m/crtbegin.o
 .jcr           0x1fff80c8        0x4 c:/program files (x86)/cypress/psoc creator/4.2/psoc creator/import/gnu/arm/5.4.1/bin/../lib/gcc/arm-none-eabi/5.4.1/armv7-m/crtend.o
 *(.got.plt)
 *(.got)
 *(.shdata)
 *(.data .data.* .gnu.linkonce.d.*)
 .data          0x1fff80cc        0x1 .\CortexM3\ARM_GCC_541\Debug\main.o
                0x1fff80cc                curAct
 *fill*         0x1fff80cd        0x3 
 .data          0x1fff80d0        0x4 .\CortexM3\ARM_GCC_541\Debug\Cm3Start.o
 .data          0x1fff80d4       0x10 .\CortexM3\ARM_GCC_541\Debug\AreaController.a(CyLib.o)
                0x1fff80d4                cydelay_32k_ms
                0x1fff80d8                cydelay_freq_khz
                0x1fff80dc                cydelay_freq_mhz
                0x1fff80e0                cydelay_freq_hz
 .data          0x1fff80e4        0x1 .\CortexM3\ARM_GCC_541\Debug\AreaController.a(ADC.o)
                0x1fff80e4                ADC_Config
 .data          0x1fff80e5        0x1 .\CortexM3\ARM_GCC_541\Debug\AreaController.a(A_SENS.o)
 .data          0x1fff80e6        0x1 .\CortexM3\ARM_GCC_541\Debug\AreaController.a(ADC_AMux.o)
 *fill*         0x1fff80e7        0x1 
 .data.impure_data
                0x1fff80e8       0x60 c:/program files (x86)/cypress/psoc creator/4.2/psoc creator/import/gnu/arm/5.4.1/bin/../lib/gcc/arm-none-eabi/5.4.1/../../../../arm-none-eabi/lib/armv7-m\libg_nano.a(lib_a-impure.o)
 .data._impure_ptr
                0x1fff8148        0x4 c:/program files (x86)/cypress/psoc creator/4.2/psoc creator/import/gnu/arm/5.4.1/bin/../lib/gcc/arm-none-eabi/5.4.1/../../../../arm-none-eabi/lib/armv7-m\libg_nano.a(lib_a-impure.o)
                0x1fff8148                _impure_ptr
 .data.__ctype_ptr__
                0x1fff814c        0x4 c:/program files (x86)/cypress/psoc creator/4.2/psoc creator/import/gnu/arm/5.4.1/bin/../lib/gcc/arm-none-eabi/5.4.1/../../../../arm-none-eabi/lib/armv7-m\libg_nano.a(lib_a-ctype_.o)
                0x1fff814c                __ctype_ptr__
                0x1fff8150                . = ALIGN (0x8)
 *(.ram)
                0x1fff8150                _edata = .

.igot.plt       0x1fff8150        0x0 load address 0x00002018
 .igot.plt      0x1fff8150        0x0 c:/program files (x86)/cypress/psoc creator/4.2/psoc creator/import/gnu/arm/5.4.1/bin/../lib/gcc/arm-none-eabi/5.4.1/armv7-m/crtbegin.o

.bss            0x1fff8150       0x88 load address 0x00002018
                0x1fff8150                PROVIDE (__bss_start__, .)
 *(.shbss)
 *(.bss .bss.* .gnu.linkonce.b.*)
 .bss           0x1fff8150       0x1c c:/program files (x86)/cypress/psoc creator/4.2/psoc creator/import/gnu/arm/5.4.1/bin/../lib/gcc/arm-none-eabi/5.4.1/armv7-m/crtbegin.o
 .bss           0x1fff816c       0x18 .\CortexM3\ARM_GCC_541\Debug\main.o
                0x1fff816c                wmode
                0x1fff816d                readyStatus
                0x1fff8170                commandBytes
                0x1fff8180                curCount
                0x1fff8181                getDir
                0x1fff8182                counterVal
 .bss           0x1fff8184        0x6 .\CortexM3\ARM_GCC_541\Debug\cyfitter_cfg.o
 .bss           0x1fff818a        0x2 .\CortexM3\ARM_GCC_541\Debug\AreaController.a(UART.o)
                0x1fff818a                UART_initVar
 .bss           0x1fff818c        0xc .\CortexM3\ARM_GCC_541\Debug\AreaController.a(ADC.o)
                0x1fff8190                ADC_stopConversion
                0x1fff8191                ADC_convDone
                0x1fff8192                ADC_initVar
                0x1fff8193                ADC_started
                0x1fff8194                ADC_Offset
 .bss           0x1fff8198        0x1 .\CortexM3\ARM_GCC_541\Debug\AreaController.a(HCSR04.o)
                0x1fff8198                HCSR04_initVar
 *fill*         0x1fff8199        0x3 
 .bss.__malloc_sbrk_start
                0x1fff819c        0x4 c:/program files (x86)/cypress/psoc creator/4.2/psoc creator/import/gnu/arm/5.4.1/bin/../lib/gcc/arm-none-eabi/5.4.1/../../../../arm-none-eabi/lib/armv7-m\libg_nano.a(lib_a-nano-mallocr.o)
                0x1fff819c                __malloc_sbrk_start
 .bss.__malloc_free_list
                0x1fff81a0        0x4 c:/program files (x86)/cypress/psoc creator/4.2/psoc creator/import/gnu/arm/5.4.1/bin/../lib/gcc/arm-none-eabi/5.4.1/../../../../arm-none-eabi/lib/armv7-m\libg_nano.a(lib_a-nano-mallocr.o)
                0x1fff81a0                __malloc_free_list
 *(COMMON)
 COMMON         0x1fff81a4       0x28 .\CortexM3\ARM_GCC_541\Debug\main.o
                0x1fff81a4                mainActuators
                0x1fff81b0                k
                0x1fff81b4                mainAreacontroller
                0x1fff81bc                mainSensors
 COMMON         0x1fff81cc        0x4 .\CortexM3\ARM_GCC_541\Debug\AreaController.a(ADC.o)
                0x1fff81cc                ADC_CountsPerVolt
 COMMON         0x1fff81d0        0x4 c:/program files (x86)/cypress/psoc creator/4.2/psoc creator/import/gnu/arm/5.4.1/bin/../lib/gcc/arm-none-eabi/5.4.1/../../../../arm-none-eabi/lib/armv7-m\libg_nano.a(lib_a-reent.o)
                0x1fff81d0                errno
                0x1fff81d8                . = ALIGN (0x8)
 *fill*         0x1fff81d4        0x4 
 *(.ram.b)
                0x1fff81d8                _end = .
                0x1fff81d8                __end = .
                0x1fff81d8                PROVIDE (end, .)
                0x1fff81d8                PROVIDE (__bss_end__, .)
                0x00001f90                __cy_region_init_ram = LOADADDR (.data)
                0x00000088                __cy_region_init_size_ram = (_edata - ADDR (.data))
                0x00000088                __cy_region_zero_size_ram = (_end - _edata)

.heap           0x1fff81d8       0x80 load address 0x00002018
                0x1fff81d8                . = _end
                0x1fff8258                . = (. + 0x80)
 *fill*         0x1fff81d8       0x80 
                0x1fff8258                __cy_heap_limit = .

.stack          0x20007800      0x800
                0x20007800                __cy_stack_limit = .
                0x20008000                . = (. + 0x800)
 *fill*         0x20007800      0x800 
                0x00000001                ASSERT ((__cy_stack_limit >= __cy_heap_limit), region RAM overflowed with stack)
                0x00000000                cy_checksum_exclude_size = (CY_APPL_LOADABLE == 0x1)?SIZEOF (.cy_checksum_exclude):0x0
                0x00000001                ASSERT ((cy_checksum_exclude_size <= CY_CHECKSUM_EXCLUDE_SIZE), CY_BOOT: Section .cy_checksum_exclude size exceedes specified limit.)

.cyloadermeta
 *(.cyloadermeta)

.cyloadablemeta
 *(.cyloadablemeta)

.cyconfigecc    0x80000000      0x4a8
 *(.cyconfigecc)
 .cyconfigecc   0x80000000      0x4a8 .\CortexM3\ARM_GCC_541\Debug\cymetadata.o
                0x80000000                cy_meta_configecc

.cycustnvl      0x90000000        0x4
 *(.cycustnvl)
 .cycustnvl     0x90000000        0x4 .\CortexM3\ARM_GCC_541\Debug\cymetadata.o
                0x90000000                cy_meta_custnvl

.cywolatch      0x90100000        0x4
 *(.cywolatch)
 .cywolatch     0x90100000        0x4 .\CortexM3\ARM_GCC_541\Debug\cymetadata.o
                0x90100000                cy_meta_wonvl

.cyeeprom       0x90200000        0x0
 *(.cyeeprom)
                0x00000001                ASSERT ((. <= ((0x90200000 + ee_offset) + ee_size)), .cyeeprom data will not fit in EEPROM)

.cyflashprotect
                0x90400000      0x100
 *(.cyflashprotect)
 .cyflashprotect
                0x90400000      0x100 .\CortexM3\ARM_GCC_541\Debug\cymetadata.o
                0x90400000                cy_meta_flashprotect

.cymeta         0x90500000        0xc
 *(.cymeta)
 .cymeta        0x90500000        0xc .\CortexM3\ARM_GCC_541\Debug\cymetadata.o
                0x90500000                cy_metadata

.rel.dyn        0x00002018        0x0 load address 0x9050000c
 .rel.iplt      0x00002018        0x0 c:/program files (x86)/cypress/psoc creator/4.2/psoc creator/import/gnu/arm/5.4.1/bin/../lib/gcc/arm-none-eabi/5.4.1/armv7-m/crtbegin.o

.stab
 *(.stab)

.stabstr
 *(.stabstr)

.debug
 *(.debug)

.line
 *(.line)

.debug_srcinfo
 *(.debug_srcinfo)

.debug_sfnames
 *(.debug_sfnames)

.debug_aranges  0x00000000      0xb38
 *(.debug_aranges)
 .debug_aranges
                0x00000000       0x38 .\CortexM3\ARM_GCC_541\Debug\main.o
 .debug_aranges
                0x00000038       0x30 .\CortexM3\ARM_GCC_541\Debug\stepctrl.o
 .debug_aranges
                0x00000068       0x78 .\CortexM3\ARM_GCC_541\Debug\cyfitter_cfg.o
 .debug_aranges
                0x000000e0       0x18 .\CortexM3\ARM_GCC_541\Debug\cymetadata.o
 .debug_aranges
                0x000000f8       0x48 .\CortexM3\ARM_GCC_541\Debug\Cm3Start.o
 .debug_aranges
                0x00000140      0x2a0 .\CortexM3\ARM_GCC_541\Debug\AreaController.a(CyLib.o)
 .debug_aranges
                0x000003e0       0x98 .\CortexM3\ARM_GCC_541\Debug\AreaController.a(cyPm.o)
 .debug_aranges
                0x00000478       0x80 .\CortexM3\ARM_GCC_541\Debug\AreaController.a(RxISR.o)
 .debug_aranges
                0x000004f8       0x38 .\CortexM3\ARM_GCC_541\Debug\AreaController.a(RGB_OUT.o)
 .debug_aranges
                0x00000530       0xf0 .\CortexM3\ARM_GCC_541\Debug\AreaController.a(UART.o)
 .debug_aranges
                0x00000620       0x70 .\CortexM3\ARM_GCC_541\Debug\AreaController.a(UART_IntClock.o)
 .debug_aranges
                0x00000690       0x28 .\CortexM3\ARM_GCC_541\Debug\AreaController.a(Step_Control.o)
 .debug_aranges
                0x000006b8       0xe8 .\CortexM3\ARM_GCC_541\Debug\AreaController.a(ADC.o)
 .debug_aranges
                0x000007a0       0x38 .\CortexM3\ARM_GCC_541\Debug\AreaController.a(ADC_INT.o)
 .debug_aranges
                0x000007d8       0x30 .\CortexM3\ARM_GCC_541\Debug\AreaController.a(A_SENS.o)
 .debug_aranges
                0x00000808       0x30 .\CortexM3\ARM_GCC_541\Debug\AreaController.a(ADC_AMux.o)
 .debug_aranges
                0x00000838       0x70 .\CortexM3\ARM_GCC_541\Debug\AreaController.a(ADC_Ext_CP_Clk.o)
 .debug_aranges
                0x000008a8       0x80 .\CortexM3\ARM_GCC_541\Debug\AreaController.a(ADC_theACLK.o)
 .debug_aranges
                0x00000928       0x28 .\CortexM3\ARM_GCC_541\Debug\AreaController.a(TRIG.o)
 .debug_aranges
                0x00000950       0x88 .\CortexM3\ARM_GCC_541\Debug\AreaController.a(HCSR04.o)
 .debug_aranges
                0x000009d8       0x38 .\CortexM3\ARM_GCC_541\Debug\AreaController.a(ECHO_PIN.o)
 .debug_aranges
                0x00000a10       0x20 .\CortexM3\ARM_GCC_541\Debug\AreaController.a(CyBootAsmGnu.o)
 .debug_aranges
                0x00000a30       0x88 .\CortexM3\ARM_GCC_541\Debug\AreaController.a(CyFlash.o)
 .debug_aranges
                0x00000ab8       0x80 .\CortexM3\ARM_GCC_541\Debug\AreaController.a(CySpc.o)

.debug_pubnames
 *(.debug_pubnames)

.debug_info     0x00000000     0x640f
 *(.debug_info .gnu.linkonce.wi.*)
 .debug_info    0x00000000      0x6ea .\CortexM3\ARM_GCC_541\Debug\main.o
 .debug_info    0x000006ea      0x1a4 .\CortexM3\ARM_GCC_541\Debug\stepctrl.o
 .debug_info    0x0000088e      0x7d6 .\CortexM3\ARM_GCC_541\Debug\cyfitter_cfg.o
 .debug_info    0x00001064      0x136 .\CortexM3\ARM_GCC_541\Debug\cymetadata.o
 .debug_info    0x0000119a      0x3bb .\CortexM3\ARM_GCC_541\Debug\Cm3Start.o
 .debug_info    0x00001555     0x1374 .\CortexM3\ARM_GCC_541\Debug\AreaController.a(CyLib.o)
 .debug_info    0x000028c9      0xa2a .\CortexM3\ARM_GCC_541\Debug\AreaController.a(cyPm.o)
 .debug_info    0x000032f3      0x2d2 .\CortexM3\ARM_GCC_541\Debug\AreaController.a(RxISR.o)
 .debug_info    0x000035c5      0x11f .\CortexM3\ARM_GCC_541\Debug\AreaController.a(RGB_OUT.o)
 .debug_info    0x000036e4      0x60c .\CortexM3\ARM_GCC_541\Debug\AreaController.a(UART.o)
 .debug_info    0x00003cf0      0x283 .\CortexM3\ARM_GCC_541\Debug\AreaController.a(UART_IntClock.o)
 .debug_info    0x00003f73       0xd6 .\CortexM3\ARM_GCC_541\Debug\AreaController.a(Step_Control.o)
 .debug_info    0x00004049      0xa18 .\CortexM3\ARM_GCC_541\Debug\AreaController.a(ADC.o)
 .debug_info    0x00004a61       0xd3 .\CortexM3\ARM_GCC_541\Debug\AreaController.a(ADC_INT.o)
 .debug_info    0x00004b34      0x165 .\CortexM3\ARM_GCC_541\Debug\AreaController.a(A_SENS.o)
 .debug_info    0x00004c99      0x165 .\CortexM3\ARM_GCC_541\Debug\AreaController.a(ADC_AMux.o)
 .debug_info    0x00004dfe      0x283 .\CortexM3\ARM_GCC_541\Debug\AreaController.a(ADC_Ext_CP_Clk.o)
 .debug_info    0x00005081      0x2c4 .\CortexM3\ARM_GCC_541\Debug\AreaController.a(ADC_theACLK.o)
 .debug_info    0x00005345       0xd6 .\CortexM3\ARM_GCC_541\Debug\AreaController.a(TRIG.o)
 .debug_info    0x0000541b      0x293 .\CortexM3\ARM_GCC_541\Debug\AreaController.a(HCSR04.o)
 .debug_info    0x000056ae      0x11f .\CortexM3\ARM_GCC_541\Debug\AreaController.a(ECHO_PIN.o)
 .debug_info    0x000057cd       0xa5 .\CortexM3\ARM_GCC_541\Debug\AreaController.a(CyBootAsmGnu.o)
 .debug_info    0x00005872      0x64d .\CortexM3\ARM_GCC_541\Debug\AreaController.a(CyFlash.o)
 .debug_info    0x00005ebf      0x550 .\CortexM3\ARM_GCC_541\Debug\AreaController.a(CySpc.o)

.debug_abbrev   0x00000000     0x1b84
 *(.debug_abbrev)
 .debug_abbrev  0x00000000      0x19e .\CortexM3\ARM_GCC_541\Debug\main.o
 .debug_abbrev  0x0000019e       0xb9 .\CortexM3\ARM_GCC_541\Debug\stepctrl.o
 .debug_abbrev  0x00000257      0x23a .\CortexM3\ARM_GCC_541\Debug\cyfitter_cfg.o
 .debug_abbrev  0x00000491       0x77 .\CortexM3\ARM_GCC_541\Debug\cymetadata.o
 .debug_abbrev  0x00000508      0x1e8 .\CortexM3\ARM_GCC_541\Debug\Cm3Start.o
 .debug_abbrev  0x000006f0      0x254 .\CortexM3\ARM_GCC_541\Debug\AreaController.a(CyLib.o)
 .debug_abbrev  0x00000944      0x1ab .\CortexM3\ARM_GCC_541\Debug\AreaController.a(cyPm.o)
 .debug_abbrev  0x00000aef      0x173 .\CortexM3\ARM_GCC_541\Debug\AreaController.a(RxISR.o)
 .debug_abbrev  0x00000c62       0x90 .\CortexM3\ARM_GCC_541\Debug\AreaController.a(RGB_OUT.o)
 .debug_abbrev  0x00000cf2      0x175 .\CortexM3\ARM_GCC_541\Debug\AreaController.a(UART.o)
 .debug_abbrev  0x00000e67      0x139 .\CortexM3\ARM_GCC_541\Debug\AreaController.a(UART_IntClock.o)
 .debug_abbrev  0x00000fa0       0x81 .\CortexM3\ARM_GCC_541\Debug\AreaController.a(Step_Control.o)
 .debug_abbrev  0x00001021      0x1eb .\CortexM3\ARM_GCC_541\Debug\AreaController.a(ADC.o)
 .debug_abbrev  0x0000120c       0x42 .\CortexM3\ARM_GCC_541\Debug\AreaController.a(ADC_INT.o)
 .debug_abbrev  0x0000124e       0xb1 .\CortexM3\ARM_GCC_541\Debug\AreaController.a(A_SENS.o)
 .debug_abbrev  0x000012ff       0xb1 .\CortexM3\ARM_GCC_541\Debug\AreaController.a(ADC_AMux.o)
 .debug_abbrev  0x000013b0      0x139 .\CortexM3\ARM_GCC_541\Debug\AreaController.a(ADC_Ext_CP_Clk.o)
 .debug_abbrev  0x000014e9      0x121 .\CortexM3\ARM_GCC_541\Debug\AreaController.a(ADC_theACLK.o)
 .debug_abbrev  0x0000160a       0x81 .\CortexM3\ARM_GCC_541\Debug\AreaController.a(TRIG.o)
 .debug_abbrev  0x0000168b      0x11a .\CortexM3\ARM_GCC_541\Debug\AreaController.a(HCSR04.o)
 .debug_abbrev  0x000017a5       0x90 .\CortexM3\ARM_GCC_541\Debug\AreaController.a(ECHO_PIN.o)
 .debug_abbrev  0x00001835       0x14 .\CortexM3\ARM_GCC_541\Debug\AreaController.a(CyBootAsmGnu.o)
 .debug_abbrev  0x00001849      0x1a7 .\CortexM3\ARM_GCC_541\Debug\AreaController.a(CyFlash.o)
 .debug_abbrev  0x000019f0      0x194 .\CortexM3\ARM_GCC_541\Debug\AreaController.a(CySpc.o)

.debug_line     0x00000000     0x2c37
 *(.debug_line)
 .debug_line    0x00000000      0x351 .\CortexM3\ARM_GCC_541\Debug\main.o
 .debug_line    0x00000351      0x1a1 .\CortexM3\ARM_GCC_541\Debug\stepctrl.o
 .debug_line    0x000004f2      0x265 .\CortexM3\ARM_GCC_541\Debug\cyfitter_cfg.o
 .debug_line    0x00000757      0x141 .\CortexM3\ARM_GCC_541\Debug\cymetadata.o
 .debug_line    0x00000898      0x234 .\CortexM3\ARM_GCC_541\Debug\Cm3Start.o
 .debug_line    0x00000acc      0x816 .\CortexM3\ARM_GCC_541\Debug\AreaController.a(CyLib.o)
 .debug_line    0x000012e2      0x367 .\CortexM3\ARM_GCC_541\Debug\AreaController.a(cyPm.o)
 .debug_line    0x00001649      0x132 .\CortexM3\ARM_GCC_541\Debug\AreaController.a(RxISR.o)
 .debug_line    0x0000177b       0x97 .\CortexM3\ARM_GCC_541\Debug\AreaController.a(RGB_OUT.o)
 .debug_line    0x00001812      0x2bc .\CortexM3\ARM_GCC_541\Debug\AreaController.a(UART.o)
 .debug_line    0x00001ace      0x17c .\CortexM3\ARM_GCC_541\Debug\AreaController.a(UART_IntClock.o)
 .debug_line    0x00001c4a       0x74 .\CortexM3\ARM_GCC_541\Debug\AreaController.a(Step_Control.o)
 .debug_line    0x00001cbe      0x34f .\CortexM3\ARM_GCC_541\Debug\AreaController.a(ADC.o)
 .debug_line    0x0000200d       0x80 .\CortexM3\ARM_GCC_541\Debug\AreaController.a(ADC_INT.o)
 .debug_line    0x0000208d       0xaa .\CortexM3\ARM_GCC_541\Debug\AreaController.a(A_SENS.o)
 .debug_line    0x00002137       0xac .\CortexM3\ARM_GCC_541\Debug\AreaController.a(ADC_AMux.o)
 .debug_line    0x000021e3      0x17d .\CortexM3\ARM_GCC_541\Debug\AreaController.a(ADC_Ext_CP_Clk.o)
 .debug_line    0x00002360      0x19d .\CortexM3\ARM_GCC_541\Debug\AreaController.a(ADC_theACLK.o)
 .debug_line    0x000024fd       0x6c .\CortexM3\ARM_GCC_541\Debug\AreaController.a(TRIG.o)
 .debug_line    0x00002569      0x159 .\CortexM3\ARM_GCC_541\Debug\AreaController.a(HCSR04.o)
 .debug_line    0x000026c2       0x95 .\CortexM3\ARM_GCC_541\Debug\AreaController.a(ECHO_PIN.o)
 .debug_line    0x00002757       0x66 .\CortexM3\ARM_GCC_541\Debug\AreaController.a(CyBootAsmGnu.o)
 .debug_line    0x000027bd      0x21a .\CortexM3\ARM_GCC_541\Debug\AreaController.a(CyFlash.o)
 .debug_line    0x000029d7      0x260 .\CortexM3\ARM_GCC_541\Debug\AreaController.a(CySpc.o)

.debug_frame    0x00000000     0x1f28
 *(.debug_frame)
 .debug_frame   0x00000000       0x84 .\CortexM3\ARM_GCC_541\Debug\main.o
 .debug_frame   0x00000084       0x64 .\CortexM3\ARM_GCC_541\Debug\stepctrl.o
 .debug_frame   0x000000e8      0x13c .\CortexM3\ARM_GCC_541\Debug\cyfitter_cfg.o
 .debug_frame   0x00000224       0xb8 .\CortexM3\ARM_GCC_541\Debug\Cm3Start.o
 .debug_frame   0x000002dc      0x738 .\CortexM3\ARM_GCC_541\Debug\AreaController.a(CyLib.o)
 .debug_frame   0x00000a14      0x1f8 .\CortexM3\ARM_GCC_541\Debug\AreaController.a(cyPm.o)
 .debug_frame   0x00000c0c      0x104 .\CortexM3\ARM_GCC_541\Debug\AreaController.a(RxISR.o)
 .debug_frame   0x00000d10       0x50 .\CortexM3\ARM_GCC_541\Debug\AreaController.a(RGB_OUT.o)
 .debug_frame   0x00000d60      0x250 .\CortexM3\ARM_GCC_541\Debug\AreaController.a(UART.o)
 .debug_frame   0x00000fb0       0xe0 .\CortexM3\ARM_GCC_541\Debug\AreaController.a(UART_IntClock.o)
 .debug_frame   0x00001090       0x30 .\CortexM3\ARM_GCC_541\Debug\AreaController.a(Step_Control.o)
 .debug_frame   0x000010c0      0x278 .\CortexM3\ARM_GCC_541\Debug\AreaController.a(ADC.o)
 .debug_frame   0x00001338       0x50 .\CortexM3\ARM_GCC_541\Debug\AreaController.a(ADC_INT.o)
 .debug_frame   0x00001388       0x64 .\CortexM3\ARM_GCC_541\Debug\AreaController.a(A_SENS.o)
 .debug_frame   0x000013ec       0x64 .\CortexM3\ARM_GCC_541\Debug\AreaController.a(ADC_AMux.o)
 .debug_frame   0x00001450       0xe0 .\CortexM3\ARM_GCC_541\Debug\AreaController.a(ADC_Ext_CP_Clk.o)
 .debug_frame   0x00001530      0x100 .\CortexM3\ARM_GCC_541\Debug\AreaController.a(ADC_theACLK.o)
 .debug_frame   0x00001630       0x30 .\CortexM3\ARM_GCC_541\Debug\AreaController.a(TRIG.o)
 .debug_frame   0x00001660      0x108 .\CortexM3\ARM_GCC_541\Debug\AreaController.a(HCSR04.o)
 .debug_frame   0x00001768       0x50 .\CortexM3\ARM_GCC_541\Debug\AreaController.a(ECHO_PIN.o)
 .debug_frame   0x000017b8      0x194 .\CortexM3\ARM_GCC_541\Debug\AreaController.a(CyFlash.o)
 .debug_frame   0x0000194c      0x180 .\CortexM3\ARM_GCC_541\Debug\AreaController.a(CySpc.o)
 .debug_frame   0x00001acc       0x30 c:/program files (x86)/cypress/psoc creator/4.2/psoc creator/import/gnu/arm/5.4.1/bin/../lib/gcc/arm-none-eabi/5.4.1/../../../../arm-none-eabi/lib/armv7-m\libg_nano.a(lib_a-atoi.o)
 .debug_frame   0x00001afc       0x20 c:/program files (x86)/cypress/psoc creator/4.2/psoc creator/import/gnu/arm/5.4.1/bin/../lib/gcc/arm-none-eabi/5.4.1/../../../../arm-none-eabi/lib/armv7-m\libg_nano.a(lib_a-errno.o)
 .debug_frame   0x00001b1c       0x28 c:/program files (x86)/cypress/psoc creator/4.2/psoc creator/import/gnu/arm/5.4.1/bin/../lib/gcc/arm-none-eabi/5.4.1/../../../../arm-none-eabi/lib/armv7-m\libg_nano.a(lib_a-exit.o)
 .debug_frame   0x00001b44       0x2c c:/program files (x86)/cypress/psoc creator/4.2/psoc creator/import/gnu/arm/5.4.1/bin/../lib/gcc/arm-none-eabi/5.4.1/../../../../arm-none-eabi/lib/armv7-m\libg_nano.a(lib_a-init.o)
 .debug_frame   0x00001b70       0x28 c:/program files (x86)/cypress/psoc creator/4.2/psoc creator/import/gnu/arm/5.4.1/bin/../lib/gcc/arm-none-eabi/5.4.1/../../../../arm-none-eabi/lib/armv7-m\libg_nano.a(lib_a-memcpy-stub.o)
 .debug_frame   0x00001b98       0x20 c:/program files (x86)/cypress/psoc creator/4.2/psoc creator/import/gnu/arm/5.4.1/bin/../lib/gcc/arm-none-eabi/5.4.1/../../../../arm-none-eabi/lib/armv7-m\libg_nano.a(lib_a-memset.o)
 .debug_frame   0x00001bb8       0x74 c:/program files (x86)/cypress/psoc creator/4.2/psoc creator/import/gnu/arm/5.4.1/bin/../lib/gcc/arm-none-eabi/5.4.1/../../../../arm-none-eabi/lib/armv7-m\libg_nano.a(lib_a-snprintf.o)
 .debug_frame   0x00001c2c       0x44 c:/program files (x86)/cypress/psoc creator/4.2/psoc creator/import/gnu/arm/5.4.1/bin/../lib/gcc/arm-none-eabi/5.4.1/../../../../arm-none-eabi/lib/armv7-m\libg_nano.a(lib_a-strtol.o)
 .debug_frame   0x00001c70       0x90 c:/program files (x86)/cypress/psoc creator/4.2/psoc creator/import/gnu/arm/5.4.1/bin/../lib/gcc/arm-none-eabi/5.4.1/../../../../arm-none-eabi/lib/armv7-m\libg_nano.a(lib_a-nano-svfprintf.o)
 .debug_frame   0x00001d00       0x60 c:/program files (x86)/cypress/psoc creator/4.2/psoc creator/import/gnu/arm/5.4.1/bin/../lib/gcc/arm-none-eabi/5.4.1/../../../../arm-none-eabi/lib/armv7-m\libg_nano.a(lib_a-nano-vfprintf_i.o)
 .debug_frame   0x00001d60       0x28 c:/program files (x86)/cypress/psoc creator/4.2/psoc creator/import/gnu/arm/5.4.1/bin/../lib/gcc/arm-none-eabi/5.4.1/../../../../arm-none-eabi/lib/armv7-m\libg_nano.a(lib_a-memchr-stub.o)
 .debug_frame   0x00001d88       0x28 c:/program files (x86)/cypress/psoc creator/4.2/psoc creator/import/gnu/arm/5.4.1/bin/../lib/gcc/arm-none-eabi/5.4.1/../../../../arm-none-eabi/lib/armv7-m\libg_nano.a(lib_a-memmove.o)
 .debug_frame   0x00001db0       0x38 c:/program files (x86)/cypress/psoc creator/4.2/psoc creator/import/gnu/arm/5.4.1/bin/../lib/gcc/arm-none-eabi/5.4.1/../../../../arm-none-eabi/lib/armv7-m\libg_nano.a(lib_a-nano-freer.o)
 .debug_frame   0x00001de8       0x2c c:/program files (x86)/cypress/psoc creator/4.2/psoc creator/import/gnu/arm/5.4.1/bin/../lib/gcc/arm-none-eabi/5.4.1/../../../../arm-none-eabi/lib/armv7-m\libg_nano.a(lib_a-nano-mallocr.o)
 .debug_frame   0x00001e14       0x3c c:/program files (x86)/cypress/psoc creator/4.2/psoc creator/import/gnu/arm/5.4.1/bin/../lib/gcc/arm-none-eabi/5.4.1/../../../../arm-none-eabi/lib/armv7-m\libg_nano.a(lib_a-nano-reallocr.o)
 .debug_frame   0x00001e50       0x2c c:/program files (x86)/cypress/psoc creator/4.2/psoc creator/import/gnu/arm/5.4.1/bin/../lib/gcc/arm-none-eabi/5.4.1/../../../../arm-none-eabi/lib/armv7-m\libg_nano.a(lib_a-sbrkr.o)
 .debug_frame   0x00001e7c       0x30 c:/program files (x86)/cypress/psoc creator/4.2/psoc creator/import/gnu/arm/5.4.1/bin/../lib/gcc/arm-none-eabi/5.4.1/../../../../arm-none-eabi/lib/armv7-m\libg_nano.a(lib_a-mlock.o)
 .debug_frame   0x00001eac       0x20 c:/program files (x86)/cypress/psoc creator/4.2/psoc creator/import/gnu/arm/5.4.1/bin/../lib/gcc/arm-none-eabi/5.4.1/../../../../arm-none-eabi/lib/armv7-m\libg_nano.a(lib_a-nano-msizer.o)
 .debug_frame   0x00001ecc       0x5c c:/program files (x86)/cypress/psoc creator/4.2/psoc creator/import/gnu/arm/5.4.1/bin/../lib/gcc/arm-none-eabi/5.4.1/../../../../arm-none-eabi/lib/armv7-m\libg_nano.a(lib_a-reent.o)

.debug_str      0x00000000     0x23d5
 *(.debug_str)
 .debug_str     0x00000000      0x384 .\CortexM3\ARM_GCC_541\Debug\main.o
                                0x3d6 (size before relaxing)
 .debug_str     0x00000384       0x30 .\CortexM3\ARM_GCC_541\Debug\stepctrl.o
                                0x1ff (size before relaxing)
 .debug_str     0x000003b4      0x29b .\CortexM3\ARM_GCC_541\Debug\cyfitter_cfg.o
                                0x445 (size before relaxing)
 .debug_str     0x0000064f       0x7f .\CortexM3\ARM_GCC_541\Debug\cymetadata.o
                                0x1f9 (size before relaxing)
 .debug_str     0x000006ce      0x144 .\CortexM3\ARM_GCC_541\Debug\Cm3Start.o
                                0x31f (size before relaxing)
 .debug_str     0x00000812      0x847 .\CortexM3\ARM_GCC_541\Debug\AreaController.a(CyLib.o)
                                0xa5c (size before relaxing)
 .debug_str     0x00001059      0x365 .\CortexM3\ARM_GCC_541\Debug\AreaController.a(cyPm.o)
                                0x748 (size before relaxing)
 .debug_str     0x000013be       0xd8 .\CortexM3\ARM_GCC_541\Debug\AreaController.a(RxISR.o)
                                0x2bb (size before relaxing)
 .debug_str     0x00001496       0x62 .\CortexM3\ARM_GCC_541\Debug\AreaController.a(RGB_OUT.o)
                                0x201 (size before relaxing)
 .debug_str     0x000014f8      0x266 .\CortexM3\ARM_GCC_541\Debug\AreaController.a(UART.o)
                                0x48a (size before relaxing)
 .debug_str     0x0000175e      0x183 .\CortexM3\ARM_GCC_541\Debug\AreaController.a(UART_IntClock.o)
                                0x34b (size before relaxing)
 .debug_str     0x000018e1       0x26 .\CortexM3\ARM_GCC_541\Debug\AreaController.a(Step_Control.o)
                                0x1d9 (size before relaxing)
 .debug_str     0x00001907      0x32a .\CortexM3\ARM_GCC_541\Debug\AreaController.a(ADC.o)
                                0x5de (size before relaxing)
 .debug_str     0x00001c31       0x45 .\CortexM3\ARM_GCC_541\Debug\AreaController.a(ADC_INT.o)
                                0x1d5 (size before relaxing)
 .debug_str     0x00001c76       0x57 .\CortexM3\ARM_GCC_541\Debug\AreaController.a(A_SENS.o)
                                0x206 (size before relaxing)
 .debug_str     0x00001ccd       0x5a .\CortexM3\ARM_GCC_541\Debug\AreaController.a(ADC_AMux.o)
                                0x214 (size before relaxing)
 .debug_str     0x00001d27      0x12a .\CortexM3\ARM_GCC_541\Debug\AreaController.a(ADC_Ext_CP_Clk.o)
                                0x357 (size before relaxing)
 .debug_str     0x00001e51      0x14f .\CortexM3\ARM_GCC_541\Debug\AreaController.a(ADC_theACLK.o)
                                0x376 (size before relaxing)
 .debug_str     0x00001fa0       0x28 .\CortexM3\ARM_GCC_541\Debug\AreaController.a(TRIG.o)
                                0x1c1 (size before relaxing)
 .debug_str     0x00001fc8      0x14a .\CortexM3\ARM_GCC_541\Debug\AreaController.a(HCSR04.o)
                                0x31a (size before relaxing)
 .debug_str     0x00002112       0x5c .\CortexM3\ARM_GCC_541\Debug\AreaController.a(ECHO_PIN.o)
                                0x206 (size before relaxing)
 .debug_str     0x0000216e      0x1bb .\CortexM3\ARM_GCC_541\Debug\AreaController.a(CyFlash.o)
                                0x3d5 (size before relaxing)
 .debug_str     0x00002329       0xac .\CortexM3\ARM_GCC_541\Debug\AreaController.a(CySpc.o)
                                0x34d (size before relaxing)

.debug_loc      0x00000000     0x2a93
 *(.debug_loc)
 .debug_loc     0x00000000       0xb7 .\CortexM3\ARM_GCC_541\Debug\main.o
 .debug_loc     0x000000b7       0x74 .\CortexM3\ARM_GCC_541\Debug\stepctrl.o
 .debug_loc     0x0000012b      0x34c .\CortexM3\ARM_GCC_541\Debug\cyfitter_cfg.o
 .debug_loc     0x00000477      0x144 .\CortexM3\ARM_GCC_541\Debug\Cm3Start.o
 .debug_loc     0x000005bb      0xa11 .\CortexM3\ARM_GCC_541\Debug\AreaController.a(CyLib.o)
 .debug_loc     0x00000fcc      0x1e4 .\CortexM3\ARM_GCC_541\Debug\AreaController.a(cyPm.o)
 .debug_loc     0x000011b0       0x56 .\CortexM3\ARM_GCC_541\Debug\AreaController.a(RxISR.o)
 .debug_loc     0x00001206       0x42 .\CortexM3\ARM_GCC_541\Debug\AreaController.a(RGB_OUT.o)
 .debug_loc     0x00001248      0x258 .\CortexM3\ARM_GCC_541\Debug\AreaController.a(UART.o)
 .debug_loc     0x000014a0      0x128 .\CortexM3\ARM_GCC_541\Debug\AreaController.a(UART_IntClock.o)
 .debug_loc     0x000015c8      0x681 .\CortexM3\ARM_GCC_541\Debug\AreaController.a(ADC.o)
 .debug_loc     0x00001c49       0x6c .\CortexM3\ARM_GCC_541\Debug\AreaController.a(A_SENS.o)
 .debug_loc     0x00001cb5       0x6c .\CortexM3\ARM_GCC_541\Debug\AreaController.a(ADC_AMux.o)
 .debug_loc     0x00001d21      0x12c .\CortexM3\ARM_GCC_541\Debug\AreaController.a(ADC_Ext_CP_Clk.o)
 .debug_loc     0x00001e4d      0x14d .\CortexM3\ARM_GCC_541\Debug\AreaController.a(ADC_theACLK.o)
 .debug_loc     0x00001f9a       0x42 .\CortexM3\ARM_GCC_541\Debug\AreaController.a(ECHO_PIN.o)
 .debug_loc     0x00001fdc      0x3b2 .\CortexM3\ARM_GCC_541\Debug\AreaController.a(CyFlash.o)
 .debug_loc     0x0000238e      0x705 .\CortexM3\ARM_GCC_541\Debug\AreaController.a(CySpc.o)

.debug_macinfo
 *(.debug_macinfo)

.debug_ranges   0x00000000      0x9a0
 *(.debug_ranges)
 .debug_ranges  0x00000000       0x28 .\CortexM3\ARM_GCC_541\Debug\main.o
 .debug_ranges  0x00000028       0x20 .\CortexM3\ARM_GCC_541\Debug\stepctrl.o
 .debug_ranges  0x00000048       0x68 .\CortexM3\ARM_GCC_541\Debug\cyfitter_cfg.o
 .debug_ranges  0x000000b0       0x38 .\CortexM3\ARM_GCC_541\Debug\Cm3Start.o
 .debug_ranges  0x000000e8      0x290 .\CortexM3\ARM_GCC_541\Debug\AreaController.a(CyLib.o)
 .debug_ranges  0x00000378       0x88 .\CortexM3\ARM_GCC_541\Debug\AreaController.a(cyPm.o)
 .debug_ranges  0x00000400       0x70 .\CortexM3\ARM_GCC_541\Debug\AreaController.a(RxISR.o)
 .debug_ranges  0x00000470       0x28 .\CortexM3\ARM_GCC_541\Debug\AreaController.a(RGB_OUT.o)
 .debug_ranges  0x00000498       0xe0 .\CortexM3\ARM_GCC_541\Debug\AreaController.a(UART.o)
 .debug_ranges  0x00000578       0x60 .\CortexM3\ARM_GCC_541\Debug\AreaController.a(UART_IntClock.o)
 .debug_ranges  0x000005d8       0x18 .\CortexM3\ARM_GCC_541\Debug\AreaController.a(Step_Control.o)
 .debug_ranges  0x000005f0       0xd8 .\CortexM3\ARM_GCC_541\Debug\AreaController.a(ADC.o)
 .debug_ranges  0x000006c8       0x28 .\CortexM3\ARM_GCC_541\Debug\AreaController.a(ADC_INT.o)
 .debug_ranges  0x000006f0       0x20 .\CortexM3\ARM_GCC_541\Debug\AreaController.a(A_SENS.o)
 .debug_ranges  0x00000710       0x20 .\CortexM3\ARM_GCC_541\Debug\AreaController.a(ADC_AMux.o)
 .debug_ranges  0x00000730       0x60 .\CortexM3\ARM_GCC_541\Debug\AreaController.a(ADC_Ext_CP_Clk.o)
 .debug_ranges  0x00000790       0x70 .\CortexM3\ARM_GCC_541\Debug\AreaController.a(ADC_theACLK.o)
 .debug_ranges  0x00000800       0x18 .\CortexM3\ARM_GCC_541\Debug\AreaController.a(TRIG.o)
 .debug_ranges  0x00000818       0x78 .\CortexM3\ARM_GCC_541\Debug\AreaController.a(HCSR04.o)
 .debug_ranges  0x00000890       0x28 .\CortexM3\ARM_GCC_541\Debug\AreaController.a(ECHO_PIN.o)
 .debug_ranges  0x000008b8       0x78 .\CortexM3\ARM_GCC_541\Debug\AreaController.a(CyFlash.o)
 .debug_ranges  0x00000930       0x70 .\CortexM3\ARM_GCC_541\Debug\AreaController.a(CySpc.o)

.comment        0x00000000       0x6e
 .comment       0x00000000       0x6e .\CortexM3\ARM_GCC_541\Debug\main.o
                                 0x6f (size before relaxing)
 .comment       0x0000006e       0x6f .\CortexM3\ARM_GCC_541\Debug\stepctrl.o
 .comment       0x0000006e       0x6f .\CortexM3\ARM_GCC_541\Debug\cyfitter_cfg.o
 .comment       0x0000006e       0x6f .\CortexM3\ARM_GCC_541\Debug\cymetadata.o
 .comment       0x0000006e       0x6f .\CortexM3\ARM_GCC_541\Debug\Cm3Start.o
 .comment       0x0000006e       0x6f .\CortexM3\ARM_GCC_541\Debug\AreaController.a(CyLib.o)
 .comment       0x0000006e       0x6f .\CortexM3\ARM_GCC_541\Debug\AreaController.a(cyPm.o)
 .comment       0x0000006e       0x6f .\CortexM3\ARM_GCC_541\Debug\AreaController.a(RxISR.o)
 .comment       0x0000006e       0x6f .\CortexM3\ARM_GCC_541\Debug\AreaController.a(RGB_OUT.o)
 .comment       0x0000006e       0x6f .\CortexM3\ARM_GCC_541\Debug\AreaController.a(UART.o)
 .comment       0x0000006e       0x6f .\CortexM3\ARM_GCC_541\Debug\AreaController.a(UART_IntClock.o)
 .comment       0x0000006e       0x6f .\CortexM3\ARM_GCC_541\Debug\AreaController.a(Step_Control.o)
 .comment       0x0000006e       0x6f .\CortexM3\ARM_GCC_541\Debug\AreaController.a(ADC.o)
 .comment       0x0000006e       0x6f .\CortexM3\ARM_GCC_541\Debug\AreaController.a(ADC_INT.o)
 .comment       0x0000006e       0x6f .\CortexM3\ARM_GCC_541\Debug\AreaController.a(A_SENS.o)
 .comment       0x0000006e       0x6f .\CortexM3\ARM_GCC_541\Debug\AreaController.a(ADC_AMux.o)
 .comment       0x0000006e       0x6f .\CortexM3\ARM_GCC_541\Debug\AreaController.a(ADC_Ext_CP_Clk.o)
 .comment       0x0000006e       0x6f .\CortexM3\ARM_GCC_541\Debug\AreaController.a(ADC_theACLK.o)
 .comment       0x0000006e       0x6f .\CortexM3\ARM_GCC_541\Debug\AreaController.a(TRIG.o)
 .comment       0x0000006e       0x6f .\CortexM3\ARM_GCC_541\Debug\AreaController.a(HCSR04.o)
 .comment       0x0000006e       0x6f .\CortexM3\ARM_GCC_541\Debug\AreaController.a(ECHO_PIN.o)
 .comment       0x0000006e       0x6f .\CortexM3\ARM_GCC_541\Debug\AreaController.a(CyFlash.o)
 .comment       0x0000006e       0x6f .\CortexM3\ARM_GCC_541\Debug\AreaController.a(CySpc.o)

.debug_weaknames
 *(.debug_weaknames)

.debug_funcnames
 *(.debug_funcnames)

.debug_typenames
 *(.debug_typenames)

.debug_varnames
 *(.debug_varnames)

.note.gnu.arm.ident
 *(.note.gnu.arm.ident)

.ARM.attributes
                0x00000000       0x29
 *(.ARM.attributes)
 .ARM.attributes
                0x00000000       0x1d c:/program files (x86)/cypress/psoc creator/4.2/psoc creator/import/gnu/arm/5.4.1/bin/../lib/gcc/arm-none-eabi/5.4.1/armv7-m/crti.o
 .ARM.attributes
                0x0000001d       0x2d c:/program files (x86)/cypress/psoc creator/4.2/psoc creator/import/gnu/arm/5.4.1/bin/../lib/gcc/arm-none-eabi/5.4.1/armv7-m/crtbegin.o
 .ARM.attributes
                0x0000004a       0x1b c:/program files (x86)/cypress/psoc creator/4.2/psoc creator/import/gnu/arm/5.4.1/bin/../lib/gcc/arm-none-eabi/5.4.1/../../../../arm-none-eabi/lib/armv7-m/crt0.o
 .ARM.attributes
                0x00000065       0x33 .\CortexM3\ARM_GCC_541\Debug\main.o
 .ARM.attributes
                0x00000098       0x33 .\CortexM3\ARM_GCC_541\Debug\stepctrl.o
 .ARM.attributes
                0x000000cb       0x33 .\CortexM3\ARM_GCC_541\Debug\cyfitter_cfg.o
 .ARM.attributes
                0x000000fe       0x33 .\CortexM3\ARM_GCC_541\Debug\cymetadata.o
 .ARM.attributes
                0x00000131       0x33 .\CortexM3\ARM_GCC_541\Debug\Cm3Start.o
 .ARM.attributes
                0x00000164       0x33 .\CortexM3\ARM_GCC_541\Debug\AreaController.a(CyLib.o)
 .ARM.attributes
                0x00000197       0x33 .\CortexM3\ARM_GCC_541\Debug\AreaController.a(cyPm.o)
 .ARM.attributes
                0x000001ca       0x33 .\CortexM3\ARM_GCC_541\Debug\AreaController.a(RxISR.o)
 .ARM.attributes
                0x000001fd       0x33 .\CortexM3\ARM_GCC_541\Debug\AreaController.a(RGB_OUT.o)
 .ARM.attributes
                0x00000230       0x33 .\CortexM3\ARM_GCC_541\Debug\AreaController.a(UART.o)
 .ARM.attributes
                0x00000263       0x33 .\CortexM3\ARM_GCC_541\Debug\AreaController.a(UART_IntClock.o)
 .ARM.attributes
                0x00000296       0x33 .\CortexM3\ARM_GCC_541\Debug\AreaController.a(Step_Control.o)
 .ARM.attributes
                0x000002c9       0x33 .\CortexM3\ARM_GCC_541\Debug\AreaController.a(ADC.o)
 .ARM.attributes
                0x000002fc       0x33 .\CortexM3\ARM_GCC_541\Debug\AreaController.a(ADC_INT.o)
 .ARM.attributes
                0x0000032f       0x33 .\CortexM3\ARM_GCC_541\Debug\AreaController.a(A_SENS.o)
 .ARM.attributes
                0x00000362       0x33 .\CortexM3\ARM_GCC_541\Debug\AreaController.a(ADC_AMux.o)
 .ARM.attributes
                0x00000395       0x33 .\CortexM3\ARM_GCC_541\Debug\AreaController.a(ADC_Ext_CP_Clk.o)
 .ARM.attributes
                0x000003c8       0x33 .\CortexM3\ARM_GCC_541\Debug\AreaController.a(ADC_theACLK.o)
 .ARM.attributes
                0x000003fb       0x33 .\CortexM3\ARM_GCC_541\Debug\AreaController.a(TRIG.o)
 .ARM.attributes
                0x0000042e       0x33 .\CortexM3\ARM_GCC_541\Debug\AreaController.a(HCSR04.o)
 .ARM.attributes
                0x00000461       0x33 .\CortexM3\ARM_GCC_541\Debug\AreaController.a(ECHO_PIN.o)
 .ARM.attributes
                0x00000494       0x21 .\CortexM3\ARM_GCC_541\Debug\AreaController.a(CyBootAsmGnu.o)
 .ARM.attributes
                0x000004b5       0x33 .\CortexM3\ARM_GCC_541\Debug\AreaController.a(CyFlash.o)
 .ARM.attributes
                0x000004e8       0x33 .\CortexM3\ARM_GCC_541\Debug\AreaController.a(CySpc.o)
 .ARM.attributes
                0x0000051b       0x1d c:/program files (x86)/cypress/psoc creator/4.2/psoc creator/import/gnu/arm/5.4.1/bin/../lib/gcc/arm-none-eabi/5.4.1/armv7-m\libgcc.a(_arm_addsubdf3.o)
 .ARM.attributes
                0x00000538       0x1d c:/program files (x86)/cypress/psoc creator/4.2/psoc creator/import/gnu/arm/5.4.1/bin/../lib/gcc/arm-none-eabi/5.4.1/armv7-m\libgcc.a(_arm_cmpdf2.o)
 .ARM.attributes
                0x00000555       0x1d c:/program files (x86)/cypress/psoc creator/4.2/psoc creator/import/gnu/arm/5.4.1/bin/../lib/gcc/arm-none-eabi/5.4.1/armv7-m\libgcc.a(_arm_addsubsf3.o)
 .ARM.attributes
                0x00000572       0x1d c:/program files (x86)/cypress/psoc creator/4.2/psoc creator/import/gnu/arm/5.4.1/bin/../lib/gcc/arm-none-eabi/5.4.1/armv7-m\libgcc.a(_arm_muldivsf3.o)
 .ARM.attributes
                0x0000058f       0x1d c:/program files (x86)/cypress/psoc creator/4.2/psoc creator/import/gnu/arm/5.4.1/bin/../lib/gcc/arm-none-eabi/5.4.1/armv7-m\libgcc.a(_arm_fixunssfsi.o)
 .ARM.attributes
                0x000005ac       0x2d c:/program files (x86)/cypress/psoc creator/4.2/psoc creator/import/gnu/arm/5.4.1/bin/../lib/gcc/arm-none-eabi/5.4.1/../../../../arm-none-eabi/lib/armv7-m\libg_nano.a(lib_a-atoi.o)
 .ARM.attributes
                0x000005d9       0x2d c:/program files (x86)/cypress/psoc creator/4.2/psoc creator/import/gnu/arm/5.4.1/bin/../lib/gcc/arm-none-eabi/5.4.1/../../../../arm-none-eabi/lib/armv7-m\libg_nano.a(lib_a-errno.o)
 .ARM.attributes
                0x00000606       0x2d c:/program files (x86)/cypress/psoc creator/4.2/psoc creator/import/gnu/arm/5.4.1/bin/../lib/gcc/arm-none-eabi/5.4.1/../../../../arm-none-eabi/lib/armv7-m\libg_nano.a(lib_a-exit.o)
 .ARM.attributes
                0x00000633       0x2d c:/program files (x86)/cypress/psoc creator/4.2/psoc creator/import/gnu/arm/5.4.1/bin/../lib/gcc/arm-none-eabi/5.4.1/../../../../arm-none-eabi/lib/armv7-m\libg_nano.a(lib_a-impure.o)
 .ARM.attributes
                0x00000660       0x2d c:/program files (x86)/cypress/psoc creator/4.2/psoc creator/import/gnu/arm/5.4.1/bin/../lib/gcc/arm-none-eabi/5.4.1/../../../../arm-none-eabi/lib/armv7-m\libg_nano.a(lib_a-init.o)
 .ARM.attributes
                0x0000068d       0x2d c:/program files (x86)/cypress/psoc creator/4.2/psoc creator/import/gnu/arm/5.4.1/bin/../lib/gcc/arm-none-eabi/5.4.1/../../../../arm-none-eabi/lib/armv7-m\libg_nano.a(lib_a-memcpy-stub.o)
 .ARM.attributes
                0x000006ba       0x2d c:/program files (x86)/cypress/psoc creator/4.2/psoc creator/import/gnu/arm/5.4.1/bin/../lib/gcc/arm-none-eabi/5.4.1/../../../../arm-none-eabi/lib/armv7-m\libg_nano.a(lib_a-memset.o)
 .ARM.attributes
                0x000006e7       0x2d c:/program files (x86)/cypress/psoc creator/4.2/psoc creator/import/gnu/arm/5.4.1/bin/../lib/gcc/arm-none-eabi/5.4.1/../../../../arm-none-eabi/lib/armv7-m\libg_nano.a(lib_a-snprintf.o)
 .ARM.attributes
                0x00000714       0x2d c:/program files (x86)/cypress/psoc creator/4.2/psoc creator/import/gnu/arm/5.4.1/bin/../lib/gcc/arm-none-eabi/5.4.1/../../../../arm-none-eabi/lib/armv7-m\libg_nano.a(lib_a-strtol.o)
 .ARM.attributes
                0x00000741       0x2d c:/program files (x86)/cypress/psoc creator/4.2/psoc creator/import/gnu/arm/5.4.1/bin/../lib/gcc/arm-none-eabi/5.4.1/../../../../arm-none-eabi/lib/armv7-m\libg_nano.a(lib_a-ctype_.o)
 .ARM.attributes
                0x0000076e       0x2d c:/program files (x86)/cypress/psoc creator/4.2/psoc creator/import/gnu/arm/5.4.1/bin/../lib/gcc/arm-none-eabi/5.4.1/../../../../arm-none-eabi/lib/armv7-m\libg_nano.a(lib_a-nano-svfprintf.o)
 .ARM.attributes
                0x0000079b       0x2d c:/program files (x86)/cypress/psoc creator/4.2/psoc creator/import/gnu/arm/5.4.1/bin/../lib/gcc/arm-none-eabi/5.4.1/../../../../arm-none-eabi/lib/armv7-m\libg_nano.a(lib_a-nano-vfprintf_i.o)
 .ARM.attributes
                0x000007c8       0x2d c:/program files (x86)/cypress/psoc creator/4.2/psoc creator/import/gnu/arm/5.4.1/bin/../lib/gcc/arm-none-eabi/5.4.1/../../../../arm-none-eabi/lib/armv7-m\libg_nano.a(lib_a-memchr-stub.o)
 .ARM.attributes
                0x000007f5       0x2d c:/program files (x86)/cypress/psoc creator/4.2/psoc creator/import/gnu/arm/5.4.1/bin/../lib/gcc/arm-none-eabi/5.4.1/../../../../arm-none-eabi/lib/armv7-m\libg_nano.a(lib_a-memmove.o)
 .ARM.attributes
                0x00000822       0x2d c:/program files (x86)/cypress/psoc creator/4.2/psoc creator/import/gnu/arm/5.4.1/bin/../lib/gcc/arm-none-eabi/5.4.1/../../../../arm-none-eabi/lib/armv7-m\libg_nano.a(lib_a-nano-freer.o)
 .ARM.attributes
                0x0000084f       0x2d c:/program files (x86)/cypress/psoc creator/4.2/psoc creator/import/gnu/arm/5.4.1/bin/../lib/gcc/arm-none-eabi/5.4.1/../../../../arm-none-eabi/lib/armv7-m\libg_nano.a(lib_a-nano-mallocr.o)
 .ARM.attributes
                0x0000087c       0x2d c:/program files (x86)/cypress/psoc creator/4.2/psoc creator/import/gnu/arm/5.4.1/bin/../lib/gcc/arm-none-eabi/5.4.1/../../../../arm-none-eabi/lib/armv7-m\libg_nano.a(lib_a-nano-reallocr.o)
 .ARM.attributes
                0x000008a9       0x2d c:/program files (x86)/cypress/psoc creator/4.2/psoc creator/import/gnu/arm/5.4.1/bin/../lib/gcc/arm-none-eabi/5.4.1/../../../../arm-none-eabi/lib/armv7-m\libg_nano.a(lib_a-sbrkr.o)
 .ARM.attributes
                0x000008d6       0x2d c:/program files (x86)/cypress/psoc creator/4.2/psoc creator/import/gnu/arm/5.4.1/bin/../lib/gcc/arm-none-eabi/5.4.1/../../../../arm-none-eabi/lib/armv7-m\libg_nano.a(lib_a-mlock.o)
 .ARM.attributes
                0x00000903       0x2d c:/program files (x86)/cypress/psoc creator/4.2/psoc creator/import/gnu/arm/5.4.1/bin/../lib/gcc/arm-none-eabi/5.4.1/../../../../arm-none-eabi/lib/armv7-m\libg_nano.a(lib_a-nano-msizer.o)
 .ARM.attributes
                0x00000930       0x2d c:/program files (x86)/cypress/psoc creator/4.2/psoc creator/import/gnu/arm/5.4.1/bin/../lib/gcc/arm-none-eabi/5.4.1/../../../../arm-none-eabi/lib/armv7-m\libg_nano.a(lib_a-reent.o)
 .ARM.attributes
                0x0000095d       0x2d c:/program files (x86)/cypress/psoc creator/4.2/psoc creator/import/gnu/arm/5.4.1/bin/../lib/gcc/arm-none-eabi/5.4.1/armv7-m/crtend.o
 .ARM.attributes
                0x0000098a       0x1d c:/program files (x86)/cypress/psoc creator/4.2/psoc creator/import/gnu/arm/5.4.1/bin/../lib/gcc/arm-none-eabi/5.4.1/armv7-m/crtn.o

/DISCARD/
 *(.note.GNU-stack)
OUTPUT(C:\Users\Kotori\Documents\PSoC Creator\ProjectSHAS_AreaController\AreaController.cydsn\CortexM3\ARM_GCC_541\Debug\AreaController.elf elf32-littlearm)
